Archive member included to satisfy reference by file (symbol)

c:/st/stm32cubeide_1.6.1/stm32cubeide/plugins/com.st.stm32cube.ide.mcu.externaltools.gnu-tools-for-stm32.9-2020-q2-update.win32_1.5.0.202011040924/tools/bin/../lib/gcc/arm-none-eabi/9.3.1/../../../../arm-none-eabi/lib/thumb/v7-m/nofp\libc_nano.a(lib_a-errno.o)
                              Core/Src/syscalls.o (__errno)
c:/st/stm32cubeide_1.6.1/stm32cubeide/plugins/com.st.stm32cube.ide.mcu.externaltools.gnu-tools-for-stm32.9-2020-q2-update.win32_1.5.0.202011040924/tools/bin/../lib/gcc/arm-none-eabi/9.3.1/../../../../arm-none-eabi/lib/thumb/v7-m/nofp\libc_nano.a(lib_a-exit.o)
                              c:/st/stm32cubeide_1.6.1/stm32cubeide/plugins/com.st.stm32cube.ide.mcu.externaltools.gnu-tools-for-stm32.9-2020-q2-update.win32_1.5.0.202011040924/tools/bin/../lib/gcc/arm-none-eabi/9.3.1/../../../../arm-none-eabi/lib/thumb/v7-m/nofp/crt0.o (exit)
c:/st/stm32cubeide_1.6.1/stm32cubeide/plugins/com.st.stm32cube.ide.mcu.externaltools.gnu-tools-for-stm32.9-2020-q2-update.win32_1.5.0.202011040924/tools/bin/../lib/gcc/arm-none-eabi/9.3.1/../../../../arm-none-eabi/lib/thumb/v7-m/nofp\libc_nano.a(lib_a-impure.o)
                              c:/st/stm32cubeide_1.6.1/stm32cubeide/plugins/com.st.stm32cube.ide.mcu.externaltools.gnu-tools-for-stm32.9-2020-q2-update.win32_1.5.0.202011040924/tools/bin/../lib/gcc/arm-none-eabi/9.3.1/../../../../arm-none-eabi/lib/thumb/v7-m/nofp\libc_nano.a(lib_a-exit.o) (_global_impure_ptr)
c:/st/stm32cubeide_1.6.1/stm32cubeide/plugins/com.st.stm32cube.ide.mcu.externaltools.gnu-tools-for-stm32.9-2020-q2-update.win32_1.5.0.202011040924/tools/bin/../lib/gcc/arm-none-eabi/9.3.1/../../../../arm-none-eabi/lib/thumb/v7-m/nofp\libc_nano.a(lib_a-init.o)
                              c:/st/stm32cubeide_1.6.1/stm32cubeide/plugins/com.st.stm32cube.ide.mcu.externaltools.gnu-tools-for-stm32.9-2020-q2-update.win32_1.5.0.202011040924/tools/bin/../lib/gcc/arm-none-eabi/9.3.1/../../../../arm-none-eabi/lib/thumb/v7-m/nofp/crt0.o (__libc_init_array)
c:/st/stm32cubeide_1.6.1/stm32cubeide/plugins/com.st.stm32cube.ide.mcu.externaltools.gnu-tools-for-stm32.9-2020-q2-update.win32_1.5.0.202011040924/tools/bin/../lib/gcc/arm-none-eabi/9.3.1/../../../../arm-none-eabi/lib/thumb/v7-m/nofp\libc_nano.a(lib_a-memcpy-stub.o)
                              Middlewares/Third_Party/FreeRTOS/Source/CMSIS_RTOS_V2/cmsis_os2.o (memcpy)
c:/st/stm32cubeide_1.6.1/stm32cubeide/plugins/com.st.stm32cube.ide.mcu.externaltools.gnu-tools-for-stm32.9-2020-q2-update.win32_1.5.0.202011040924/tools/bin/../lib/gcc/arm-none-eabi/9.3.1/../../../../arm-none-eabi/lib/thumb/v7-m/nofp\libc_nano.a(lib_a-memset.o)
                              c:/st/stm32cubeide_1.6.1/stm32cubeide/plugins/com.st.stm32cube.ide.mcu.externaltools.gnu-tools-for-stm32.9-2020-q2-update.win32_1.5.0.202011040924/tools/bin/../lib/gcc/arm-none-eabi/9.3.1/../../../../arm-none-eabi/lib/thumb/v7-m/nofp/crt0.o (memset)

Allocating common symbols
Common symbol       size              file

hUsbDeviceFS        0x2c4             USB_DEVICE/App/usb_device.o
defaultTaskHandle   0x4               Core/Src/main.o
keyboardMatrixHandle
                    0x4               Core/Src/main.o
uwTick              0x4               Drivers/STM32F1xx_HAL_Driver/Src/stm32f1xx_hal.o
xQueueRegistry      0x40              Middlewares/Third_Party/FreeRTOS/Source/queue.o
pFlash              0x20              Drivers/STM32F1xx_HAL_Driver/Src/stm32f1xx_hal_flash.o
usbComHandle        0x4               Core/Src/main.o
hpcd_USB_FS         0x2ec             USB_DEVICE/Target/usbd_conf.o
USBD_StrDesc        0x200             USB_DEVICE/App/usbd_desc.o

Discarded input sections

 .text          0x0000000000000000        0x0 c:/st/stm32cubeide_1.6.1/stm32cubeide/plugins/com.st.stm32cube.ide.mcu.externaltools.gnu-tools-for-stm32.9-2020-q2-update.win32_1.5.0.202011040924/tools/bin/../lib/gcc/arm-none-eabi/9.3.1/thumb/v7-m/nofp/crti.o
 .data          0x0000000000000000        0x0 c:/st/stm32cubeide_1.6.1/stm32cubeide/plugins/com.st.stm32cube.ide.mcu.externaltools.gnu-tools-for-stm32.9-2020-q2-update.win32_1.5.0.202011040924/tools/bin/../lib/gcc/arm-none-eabi/9.3.1/thumb/v7-m/nofp/crti.o
 .bss           0x0000000000000000        0x0 c:/st/stm32cubeide_1.6.1/stm32cubeide/plugins/com.st.stm32cube.ide.mcu.externaltools.gnu-tools-for-stm32.9-2020-q2-update.win32_1.5.0.202011040924/tools/bin/../lib/gcc/arm-none-eabi/9.3.1/thumb/v7-m/nofp/crti.o
 .data          0x0000000000000000        0x4 c:/st/stm32cubeide_1.6.1/stm32cubeide/plugins/com.st.stm32cube.ide.mcu.externaltools.gnu-tools-for-stm32.9-2020-q2-update.win32_1.5.0.202011040924/tools/bin/../lib/gcc/arm-none-eabi/9.3.1/thumb/v7-m/nofp/crtbegin.o
[...]
Memory Configuration

Name             Origin             Length             Attributes
RAM              0x0000000020000000 0x0000000000005000 xrw
FLASH            0x0000000008000000 0x0000000000010000 xr
*default*        0x0000000000000000 0xffffffffffffffff

Linker script and memory map

LOAD c:/st/stm32cubeide_1.6.1/stm32cubeide/plugins/com.st.stm32cube.ide.mcu.externaltools.gnu-tools-for-stm32.9-2020-q2-update.win32_1.5.0.202011040924/tools/bin/../lib/gcc/arm-none-eabi/9.3.1/thumb/v7-m/nofp/crti.o
LOAD c:/st/stm32cubeide_1.6.1/stm32cubeide/plugins/com.st.stm32cube.ide.mcu.externaltools.gnu-tools-for-stm32.9-2020-q2-update.win32_1.5.0.202011040924/tools/bin/../lib/gcc/arm-none-eabi/9.3.1/thumb/v7-m/nofp/crtbegin.o
LOAD c:/st/stm32cubeide_1.6.1/stm32cubeide/plugins/com.st.stm32cube.ide.mcu.externaltools.gnu-tools-for-stm32.9-2020-q2-update.win32_1.5.0.202011040924/tools/bin/../lib/gcc/arm-none-eabi/9.3.1/../../../../arm-none-eabi/lib/thumb/v7-m/nofp/crt0.o
LOAD Core/Src/freertos.o
LOAD Core/Src/main.o
LOAD Core/Src/stm32f1xx_hal_msp.o
LOAD Core/Src/stm32f1xx_it.o
LOAD Core/Src/switchMatrix.o
LOAD Core/Src/syscalls.o
LOAD Core/Src/sysmem.o
LOAD Core/Src/system_stm32f1xx.o
LOAD Core/Startup/startup_stm32f103c8tx.o
LOAD Drivers/STM32F1xx_HAL_Driver/Src/stm32f1xx_hal.o
LOAD Drivers/STM32F1xx_HAL_Driver/Src/stm32f1xx_hal_cortex.o
LOAD Drivers/STM32F1xx_HAL_Driver/Src/stm32f1xx_hal_dma.o
LOAD Drivers/STM32F1xx_HAL_Driver/Src/stm32f1xx_hal_exti.o
LOAD Drivers/STM32F1xx_HAL_Driver/Src/stm32f1xx_hal_flash.o
LOAD Drivers/STM32F1xx_HAL_Driver/Src/stm32f1xx_hal_flash_ex.o
LOAD Drivers/STM32F1xx_HAL_Driver/Src/stm32f1xx_hal_gpio.o
LOAD Drivers/STM32F1xx_HAL_Driver/Src/stm32f1xx_hal_gpio_ex.o
LOAD Drivers/STM32F1xx_HAL_Driver/Src/stm32f1xx_hal_pcd.o
LOAD Drivers/STM32F1xx_HAL_Driver/Src/stm32f1xx_hal_pcd_ex.o
LOAD Drivers/STM32F1xx_HAL_Driver/Src/stm32f1xx_hal_pwr.o
LOAD Drivers/STM32F1xx_HAL_Driver/Src/stm32f1xx_hal_rcc.o
LOAD Drivers/STM32F1xx_HAL_Driver/Src/stm32f1xx_hal_rcc_ex.o
LOAD Drivers/STM32F1xx_HAL_Driver/Src/stm32f1xx_hal_tim.o
LOAD Drivers/STM32F1xx_HAL_Driver/Src/stm32f1xx_hal_tim_ex.o
LOAD Drivers/STM32F1xx_HAL_Driver/Src/stm32f1xx_ll_usb.o
LOAD Middlewares/ST/STM32_USB_Device_Library/Class/HID/Src/usbd_hid.o
LOAD Middlewares/ST/STM32_USB_Device_Library/Core/Src/usbd_core.o
LOAD Middlewares/ST/STM32_USB_Device_Library/Core/Src/usbd_ctlreq.o
LOAD Middlewares/ST/STM32_USB_Device_Library/Core/Src/usbd_ioreq.o
LOAD Middlewares/Third_Party/FreeRTOS/Source/CMSIS_RTOS_V2/cmsis_os2.o
LOAD Middlewares/Third_Party/FreeRTOS/Source/croutine.o
LOAD Middlewares/Third_Party/FreeRTOS/Source/event_groups.o
LOAD Middlewares/Third_Party/FreeRTOS/Source/list.o
LOAD Middlewares/Third_Party/FreeRTOS/Source/queue.o
LOAD Middlewares/Third_Party/FreeRTOS/Source/stream_buffer.o
LOAD Middlewares/Third_Party/FreeRTOS/Source/tasks.o
LOAD Middlewares/Third_Party/FreeRTOS/Source/timers.o
LOAD Middlewares/Third_Party/FreeRTOS/Source/portable/GCC/ARM_CM3/port.o
LOAD Middlewares/Third_Party/FreeRTOS/Source/portable/MemMang/heap_4.o
LOAD USB_DEVICE/App/usb_device.o
LOAD USB_DEVICE/App/usbd_desc.o
LOAD USB_DEVICE/Target/usbd_conf.o
START GROUP
LOAD c:/st/stm32cubeide_1.6.1/stm32cubeide/plugins/com.st.stm32cube.ide.mcu.externaltools.gnu-tools-for-stm32.9-2020-q2-update.win32_1.5.0.202011040924/tools/bin/../lib/gcc/arm-none-eabi/9.3.1/../../../../arm-none-eabi/lib/thumb/v7-m/nofp\libc_nano.a
LOAD c:/st/stm32cubeide_1.6.1/stm32cubeide/plugins/com.st.stm32cube.ide.mcu.externaltools.gnu-tools-for-stm32.9-2020-q2-update.win32_1.5.0.202011040924/tools/bin/../lib/gcc/arm-none-eabi/9.3.1/../../../../arm-none-eabi/lib/thumb/v7-m/nofp\libm.a
END GROUP
START GROUP
LOAD c:/st/stm32cubeide_1.6.1/stm32cubeide/plugins/com.st.stm32cube.ide.mcu.externaltools.gnu-tools-for-stm32.9-2020-q2-update.win32_1.5.0.202011040924/tools/bin/../lib/gcc/arm-none-eabi/9.3.1/thumb/v7-m/nofp\libgcc.a
LOAD c:/st/stm32cubeide_1.6.1/stm32cubeide/plugins/com.st.stm32cube.ide.mcu.externaltools.gnu-tools-for-stm32.9-2020-q2-update.win32_1.5.0.202011040924/tools/bin/../lib/gcc/arm-none-eabi/9.3.1/../../../../arm-none-eabi/lib/thumb/v7-m/nofp\libc_nano.a
END GROUP
START GROUP
LOAD c:/st/stm32cubeide_1.6.1/stm32cubeide/plugins/com.st.stm32cube.ide.mcu.externaltools.gnu-tools-for-stm32.9-2020-q2-update.win32_1.5.0.202011040924/tools/bin/../lib/gcc/arm-none-eabi/9.3.1/thumb/v7-m/nofp\libgcc.a
LOAD c:/st/stm32cubeide_1.6.1/stm32cubeide/plugins/com.st.stm32cube.ide.mcu.externaltools.gnu-tools-for-stm32.9-2020-q2-update.win32_1.5.0.202011040924/tools/bin/../lib/gcc/arm-none-eabi/9.3.1/../../../../arm-none-eabi/lib/thumb/v7-m/nofp\libc_nano.a
LOAD c:/st/stm32cubeide_1.6.1/stm32cubeide/plugins/com.st.stm32cube.ide.mcu.externaltools.gnu-tools-for-stm32.9-2020-q2-update.win32_1.5.0.202011040924/tools/bin/../lib/gcc/arm-none-eabi/9.3.1/../../../../arm-none-eabi/lib/thumb/v7-m/nofp\libnosys.a
END GROUP
START GROUP
LOAD c:/st/stm32cubeide_1.6.1/stm32cubeide/plugins/com.st.stm32cube.ide.mcu.externaltools.gnu-tools-for-stm32.9-2020-q2-update.win32_1.5.0.202011040924/tools/bin/../lib/gcc/arm-none-eabi/9.3.1/thumb/v7-m/nofp\libgcc.a
LOAD c:/st/stm32cubeide_1.6.1/stm32cubeide/plugins/com.st.stm32cube.ide.mcu.externaltools.gnu-tools-for-stm32.9-2020-q2-update.win32_1.5.0.202011040924/tools/bin/../lib/gcc/arm-none-eabi/9.3.1/../../../../arm-none-eabi/lib/thumb/v7-m/nofp\libc_nano.a
LOAD c:/st/stm32cubeide_1.6.1/stm32cubeide/plugins/com.st.stm32cube.ide.mcu.externaltools.gnu-tools-for-stm32.9-2020-q2-update.win32_1.5.0.202011040924/tools/bin/../lib/gcc/arm-none-eabi/9.3.1/../../../../arm-none-eabi/lib/thumb/v7-m/nofp\libnosys.a
END GROUP
LOAD c:/st/stm32cubeide_1.6.1/stm32cubeide/plugins/com.st.stm32cube.ide.mcu.externaltools.gnu-tools-for-stm32.9-2020-q2-update.win32_1.5.0.202011040924/tools/bin/../lib/gcc/arm-none-eabi/9.3.1/thumb/v7-m/nofp/crtend.o
LOAD c:/st/stm32cubeide_1.6.1/stm32cubeide/plugins/com.st.stm32cube.ide.mcu.externaltools.gnu-tools-for-stm32.9-2020-q2-update.win32_1.5.0.202011040924/tools/bin/../lib/gcc/arm-none-eabi/9.3.1/thumb/v7-m/nofp/crtn.o
                0x0000000020005000                _estack = (ORIGIN (RAM) + LENGTH (RAM))
                0x0000000000000200                _Min_Heap_Size = 0x200
                0x0000000000000400                _Min_Stack_Size = 0x400

.isr_vector     0x0000000008000000      0x10c
                0x0000000008000000                . = ALIGN (0x4)
 *(.isr_vector)
 .isr_vector    0x0000000008000000      0x10c Core/Startup/startup_stm32f103c8tx.o
                0x0000000008000000                g_pfnVectors
                0x000000000800010c                . = ALIGN (0x4)

.text           0x0000000008000110     0x93fc
                0x0000000008000110                . = ALIGN (0x4)
 *(.text)
 .text          0x0000000008000110       0x40 c:/st/stm32cubeide_1.6.1/stm32cubeide/plugins/com.st.stm32cube.ide.mcu.externaltools.gnu-tools-for-stm32.9-2020-q2-update.win32_1.5.0.202011040924/tools/bin/../lib/gcc/arm-none-eabi/9.3.1/thumb/v7-m/nofp/crtbegin.o
 *(.text*)
 .text.main     0x0000000008000150       0x74 Core/Src/main.o
                0x0000000008000150                main
 .text.SystemClock_Config
                0x00000000080001c4       0xb6 Core/Src/main.o
                0x00000000080001c4                SystemClock_Config
 *fill*         0x000000000800027a        0x2 
 .text.MX_GPIO_Init
                0x000000000800027c       0xf4 Core/Src/main.o
 .text.StartDefaultTask
                0x0000000008000370       0x14 Core/Src/main.o
                0x0000000008000370                StartDefaultTask
 .text.StartUsbCom
                0x0000000008000384       0x40 Core/Src/main.o
                0x0000000008000384                StartUsbCom
 .text.StartKeyboardMatrix
                0x00000000080003c4       0x5c Core/Src/main.o
                0x00000000080003c4                StartKeyboardMatrix
 .text.Error_Handler
                0x0000000008000420        0xa Core/Src/main.o
                0x0000000008000420                Error_Handler
 *fill*         0x000000000800042a        0x2 
 .text.HAL_MspInit
                0x000000000800042c       0x70 Core/Src/stm32f1xx_hal_msp.o
                0x000000000800042c                HAL_MspInit
 .text.NMI_Handler
                0x000000000800049c        0x6 Core/Src/stm32f1xx_it.o
                0x000000000800049c                NMI_Handler
 .text.HardFault_Handler
                0x00000000080004a2        0x6 Core/Src/stm32f1xx_it.o
                0x00000000080004a2                HardFault_Handler
 .text.MemManage_Handler
                0x00000000080004a8        0x6 Core/Src/stm32f1xx_it.o
                0x00000000080004a8                MemManage_Handler
 .text.BusFault_Handler
                0x00000000080004ae        0x6 Core/Src/stm32f1xx_it.o
                0x00000000080004ae                BusFault_Handler
 .text.UsageFault_Handler
                0x00000000080004b4        0x6 Core/Src/stm32f1xx_it.o
                0x00000000080004b4                UsageFault_Handler
 .text.DebugMon_Handler
                0x00000000080004ba        0xc Core/Src/stm32f1xx_it.o
                0x00000000080004ba                DebugMon_Handler
 .text.SysTick_Handler
                0x00000000080004c6       0x1a Core/Src/stm32f1xx_it.o
                0x00000000080004c6                SysTick_Handler
 .text.USB_LP_CAN1_RX0_IRQHandler
                0x00000000080004e0       0x14 Core/Src/stm32f1xx_it.o
                0x00000000080004e0                USB_LP_CAN1_RX0_IRQHandler
 .text.bWriteColumnState
                0x00000000080004f4       0xc4 Core/Src/switchMatrix.o
                0x00000000080004f4                bWriteColumnState
 .text.bReadRowState
                0x00000000080005b8       0xd0 Core/Src/switchMatrix.o
                0x00000000080005b8                bReadRowState
 .text.intReadRowState
                0x0000000008000688       0x38 Core/Src/switchMatrix.o
                0x0000000008000688                intReadRowState
 .text.SystemInit
                0x00000000080006c0        0xc Core/Src/system_stm32f1xx.o
                0x00000000080006c0                SystemInit
 .text.Reset_Handler
                0x00000000080006cc       0x48 Core/Startup/startup_stm32f103c8tx.o
                0x00000000080006cc                Reset_Handler
 .text.Default_Handler
                0x0000000008000714        0x2 Core/Startup/startup_stm32f103c8tx.o
                0x0000000008000714                RTC_Alarm_IRQHandler
                0x0000000008000714                EXTI2_IRQHandler
                0x0000000008000714                TIM1_CC_IRQHandler
                0x0000000008000714                PVD_IRQHandler
                0x0000000008000714                EXTI3_IRQHandler
                0x0000000008000714                EXTI0_IRQHandler
                0x0000000008000714                I2C2_EV_IRQHandler
                0x0000000008000714                ADC1_2_IRQHandler
                0x0000000008000714                SPI1_IRQHandler
                0x0000000008000714                TAMPER_IRQHandler
                0x0000000008000714                DMA1_Channel4_IRQHandler
                0x0000000008000714                USART3_IRQHandler
                0x0000000008000714                RTC_IRQHandler
                0x0000000008000714                DMA1_Channel7_IRQHandler
                0x0000000008000714                CAN1_RX1_IRQHandler
                0x0000000008000714                TIM4_IRQHandler
                0x0000000008000714                I2C1_EV_IRQHandler
                0x0000000008000714                DMA1_Channel6_IRQHandler
                0x0000000008000714                TIM3_IRQHandler
                0x0000000008000714                RCC_IRQHandler
                0x0000000008000714                TIM1_TRG_COM_IRQHandler
                0x0000000008000714                DMA1_Channel1_IRQHandler
                0x0000000008000714                Default_Handler
                0x0000000008000714                EXTI15_10_IRQHandler
                0x0000000008000714                EXTI9_5_IRQHandler
                0x0000000008000714                SPI2_IRQHandler
                0x0000000008000714                DMA1_Channel5_IRQHandler
                0x0000000008000714                EXTI4_IRQHandler
                0x0000000008000714                USB_HP_CAN1_TX_IRQHandler
                0x0000000008000714                DMA1_Channel3_IRQHandler
                0x0000000008000714                TIM1_UP_IRQHandler
                0x0000000008000714                WWDG_IRQHandler
                0x0000000008000714                TIM2_IRQHandler
                0x0000000008000714                TIM1_BRK_IRQHandler
                0x0000000008000714                EXTI1_IRQHandler
                0x0000000008000714                USART2_IRQHandler
                0x0000000008000714                I2C2_ER_IRQHandler
                0x0000000008000714                DMA1_Channel2_IRQHandler
                0x0000000008000714                CAN1_SCE_IRQHandler
                0x0000000008000714                FLASH_IRQHandler
                0x0000000008000714                USART1_IRQHandler
                0x0000000008000714                I2C1_ER_IRQHandler
                0x0000000008000714                USBWakeUp_IRQHandler
 *fill*         0x0000000008000716        0x2 
 .text.HAL_Init
                0x0000000008000718       0x2c Drivers/STM32F1xx_HAL_Driver/Src/stm32f1xx_hal.o
                0x0000000008000718                HAL_Init
 .text.HAL_InitTick
                0x0000000008000744       0x60 Drivers/STM32F1xx_HAL_Driver/Src/stm32f1xx_hal.o
                0x0000000008000744                HAL_InitTick
 .text.HAL_IncTick
                0x00000000080007a4       0x24 Drivers/STM32F1xx_HAL_Driver/Src/stm32f1xx_hal.o
                0x00000000080007a4                HAL_IncTick
 .text.HAL_GetTick
                0x00000000080007c8       0x14 Drivers/STM32F1xx_HAL_Driver/Src/stm32f1xx_hal.o
                0x00000000080007c8                HAL_GetTick
 .text.__NVIC_SetPriorityGrouping
                0x00000000080007dc       0x48 Drivers/STM32F1xx_HAL_Driver/Src/stm32f1xx_hal_cortex.o
 .text.__NVIC_GetPriorityGrouping
                0x0000000008000824       0x1c Drivers/STM32F1xx_HAL_Driver/Src/stm32f1xx_hal_cortex.o
 .text.__NVIC_EnableIRQ
                0x0000000008000840       0x38 Drivers/STM32F1xx_HAL_Driver/Src/stm32f1xx_hal_cortex.o
 .text.__NVIC_SetPriority
                0x0000000008000878       0x54 Drivers/STM32F1xx_HAL_Driver/Src/stm32f1xx_hal_cortex.o
 .text.NVIC_EncodePriority
                0x00000000080008cc       0x64 Drivers/STM32F1xx_HAL_Driver/Src/stm32f1xx_hal_cortex.o
 .text.SysTick_Config
                0x0000000008000930       0x44 Drivers/STM32F1xx_HAL_Driver/Src/stm32f1xx_hal_cortex.o
 .text.HAL_NVIC_SetPriorityGrouping
                0x0000000008000974       0x16 Drivers/STM32F1xx_HAL_Driver/Src/stm32f1xx_hal_cortex.o
                0x0000000008000974                HAL_NVIC_SetPriorityGrouping
 .text.HAL_NVIC_SetPriority
                0x000000000800098a       0x38 Drivers/STM32F1xx_HAL_Driver/Src/stm32f1xx_hal_cortex.o
                0x000000000800098a                HAL_NVIC_SetPriority
 .text.HAL_NVIC_EnableIRQ
                0x00000000080009c2       0x1c Drivers/STM32F1xx_HAL_Driver/Src/stm32f1xx_hal_cortex.o
                0x00000000080009c2                HAL_NVIC_EnableIRQ
 .text.HAL_SYSTICK_Config
                0x00000000080009de       0x18 Drivers/STM32F1xx_HAL_Driver/Src/stm32f1xx_hal_cortex.o
                0x00000000080009de                HAL_SYSTICK_Config
 *fill*         0x00000000080009f6        0x2 
 .text.HAL_GPIO_Init
                0x00000000080009f8      0x308 Drivers/STM32F1xx_HAL_Driver/Src/stm32f1xx_hal_gpio.o
                0x00000000080009f8                HAL_GPIO_Init
 .text.HAL_GPIO_ReadPin
                0x0000000008000d00       0x2e Drivers/STM32F1xx_HAL_Driver/Src/stm32f1xx_hal_gpio.o
                0x0000000008000d00                HAL_GPIO_ReadPin
 .text.HAL_GPIO_WritePin
                0x0000000008000d2e       0x30 Drivers/STM32F1xx_HAL_Driver/Src/stm32f1xx_hal_gpio.o
                0x0000000008000d2e                HAL_GPIO_WritePin
 .text.HAL_PCD_Init
                0x0000000008000d5e      0x216 Drivers/STM32F1xx_HAL_Driver/Src/stm32f1xx_hal_pcd.o
                0x0000000008000d5e                HAL_PCD_Init
 .text.HAL_PCD_Start
                0x0000000008000f74       0x4c Drivers/STM32F1xx_HAL_Driver/Src/stm32f1xx_hal_pcd.o
                0x0000000008000f74                HAL_PCD_Start
 .text.HAL_PCD_IRQHandler
                0x0000000008000fc0      0x2aa Drivers/STM32F1xx_HAL_Driver/Src/stm32f1xx_hal_pcd.o
                0x0000000008000fc0                HAL_PCD_IRQHandler
 .text.HAL_PCD_SetAddress
                0x000000000800126a       0x4a Drivers/STM32F1xx_HAL_Driver/Src/stm32f1xx_hal_pcd.o
                0x000000000800126a                HAL_PCD_SetAddress
 .text.HAL_PCD_EP_Open
                0x00000000080012b4       0xcc Drivers/STM32F1xx_HAL_Driver/Src/stm32f1xx_hal_pcd.o
                0x00000000080012b4                HAL_PCD_EP_Open
 .text.HAL_PCD_EP_Close
                0x0000000008001380       0x90 Drivers/STM32F1xx_HAL_Driver/Src/stm32f1xx_hal_pcd.o
                0x0000000008001380                HAL_PCD_EP_Close
 .text.HAL_PCD_EP_Receive
                0x0000000008001410       0x7a Drivers/STM32F1xx_HAL_Driver/Src/stm32f1xx_hal_pcd.o
                0x0000000008001410                HAL_PCD_EP_Receive
 .text.HAL_PCD_EP_Transmit
                0x000000000800148a       0x86 Drivers/STM32F1xx_HAL_Driver/Src/stm32f1xx_hal_pcd.o
                0x000000000800148a                HAL_PCD_EP_Transmit
 .text.HAL_PCD_EP_SetStall
                0x0000000008001510       0xc0 Drivers/STM32F1xx_HAL_Driver/Src/stm32f1xx_hal_pcd.o
                0x0000000008001510                HAL_PCD_EP_SetStall
 .text.HAL_PCD_EP_ClrStall
                0x00000000080015d0       0xa8 Drivers/STM32F1xx_HAL_Driver/Src/stm32f1xx_hal_pcd.o
                0x00000000080015d0                HAL_PCD_EP_ClrStall
 .text.PCD_EP_ISR_Handler
                0x0000000008001678      0x5e6 Drivers/STM32F1xx_HAL_Driver/Src/stm32f1xx_hal_pcd.o
 .text.HAL_PCD_EP_DB_Receive
                0x0000000008001c5e      0x21a Drivers/STM32F1xx_HAL_Driver/Src/stm32f1xx_hal_pcd.o
 .text.HAL_PCD_EP_DB_Transmit
                0x0000000008001e78      0x556 Drivers/STM32F1xx_HAL_Driver/Src/stm32f1xx_hal_pcd.o
 .text.HAL_PCDEx_PMAConfig
                0x00000000080023ce       0x84 Drivers/STM32F1xx_HAL_Driver/Src/stm32f1xx_hal_pcd_ex.o
                0x00000000080023ce                HAL_PCDEx_PMAConfig
 *fill*         0x0000000008002452        0x2 
 .text.HAL_RCC_OscConfig
                0x0000000008002454      0x500 Drivers/STM32F1xx_HAL_Driver/Src/stm32f1xx_hal_rcc.o
                0x0000000008002454                HAL_RCC_OscConfig
 .text.HAL_RCC_ClockConfig
                0x0000000008002954      0x1d4 Drivers/STM32F1xx_HAL_Driver/Src/stm32f1xx_hal_rcc.o
                0x0000000008002954                HAL_RCC_ClockConfig
 .text.HAL_RCC_GetSysClockFreq
                0x0000000008002b28       0xc0 Drivers/STM32F1xx_HAL_Driver/Src/stm32f1xx_hal_rcc.o
                0x0000000008002b28                HAL_RCC_GetSysClockFreq
 .text.RCC_Delay
                0x0000000008002be8       0x3c Drivers/STM32F1xx_HAL_Driver/Src/stm32f1xx_hal_rcc.o
 .text.HAL_RCCEx_PeriphCLKConfig
                0x0000000008002c24      0x16c Drivers/STM32F1xx_HAL_Driver/Src/stm32f1xx_hal_rcc_ex.o
                0x0000000008002c24                HAL_RCCEx_PeriphCLKConfig
 .text.USB_CoreInit
                0x0000000008002d90       0x20 Drivers/STM32F1xx_HAL_Driver/Src/stm32f1xx_ll_usb.o
                0x0000000008002d90                USB_CoreInit
 .text.USB_EnableGlobalInt
                0x0000000008002db0       0x2c Drivers/STM32F1xx_HAL_Driver/Src/stm32f1xx_ll_usb.o
                0x0000000008002db0                USB_EnableGlobalInt
 .text.USB_DisableGlobalInt
                0x0000000008002ddc       0x34 Drivers/STM32F1xx_HAL_Driver/Src/stm32f1xx_ll_usb.o
                0x0000000008002ddc                USB_DisableGlobalInt
 .text.USB_SetCurrentMode
                0x0000000008002e10       0x18 Drivers/STM32F1xx_HAL_Driver/Src/stm32f1xx_ll_usb.o
                0x0000000008002e10                USB_SetCurrentMode
 .text.USB_DevInit
                0x0000000008002e28       0x40 Drivers/STM32F1xx_HAL_Driver/Src/stm32f1xx_ll_usb.o
                0x0000000008002e28                USB_DevInit
 .text.USB_ActivateEndpoint
                0x0000000008002e68      0x6d4 Drivers/STM32F1xx_HAL_Driver/Src/stm32f1xx_ll_usb.o
                0x0000000008002e68                USB_ActivateEndpoint
 .text.USB_DeactivateEndpoint
                0x000000000800353c      0x3d8 Drivers/STM32F1xx_HAL_Driver/Src/stm32f1xx_ll_usb.o
                0x000000000800353c                USB_DeactivateEndpoint
 .text.USB_EPStartXfer
                0x0000000008003914     0x1240 Drivers/STM32F1xx_HAL_Driver/Src/stm32f1xx_ll_usb.o
                0x0000000008003914                USB_EPStartXfer
 .text.USB_EPSetStall
                0x0000000008004b54       0xa0 Drivers/STM32F1xx_HAL_Driver/Src/stm32f1xx_ll_usb.o
                0x0000000008004b54                USB_EPSetStall
 .text.USB_EPClearStall
                0x0000000008004bf4      0x15a Drivers/STM32F1xx_HAL_Driver/Src/stm32f1xx_ll_usb.o
                0x0000000008004bf4                USB_EPClearStall
 .text.USB_SetDevAddress
                0x0000000008004d4e       0x26 Drivers/STM32F1xx_HAL_Driver/Src/stm32f1xx_ll_usb.o
                0x0000000008004d4e                USB_SetDevAddress
 .text.USB_DevConnect
                0x0000000008004d74       0x14 Drivers/STM32F1xx_HAL_Driver/Src/stm32f1xx_ll_usb.o
                0x0000000008004d74                USB_DevConnect
 .text.USB_DevDisconnect
                0x0000000008004d88       0x14 Drivers/STM32F1xx_HAL_Driver/Src/stm32f1xx_ll_usb.o
                0x0000000008004d88                USB_DevDisconnect
 .text.USB_ReadInterrupts
                0x0000000008004d9c       0x1e Drivers/STM32F1xx_HAL_Driver/Src/stm32f1xx_ll_usb.o
                0x0000000008004d9c                USB_ReadInterrupts
 .text.USB_EP0_OutStart
                0x0000000008004dba       0x16 Drivers/STM32F1xx_HAL_Driver/Src/stm32f1xx_ll_usb.o
                0x0000000008004dba                USB_EP0_OutStart
 .text.USB_WritePMA
                0x0000000008004dd0       0x8a Drivers/STM32F1xx_HAL_Driver/Src/stm32f1xx_ll_usb.o
                0x0000000008004dd0                USB_WritePMA
 .text.USB_ReadPMA
                0x0000000008004e5a       0x9e Drivers/STM32F1xx_HAL_Driver/Src/stm32f1xx_ll_usb.o
                0x0000000008004e5a                USB_ReadPMA
 .text.USBD_HID_Init
                0x0000000008004ef8       0x4e Middlewares/ST/STM32_USB_Device_Library/Class/HID/Src/usbd_hid.o
 .text.USBD_HID_DeInit
                0x0000000008004f46       0x42 Middlewares/ST/STM32_USB_Device_Library/Class/HID/Src/usbd_hid.o
 .text.USBD_HID_Setup
                0x0000000008004f88      0x1fc Middlewares/ST/STM32_USB_Device_Library/Class/HID/Src/usbd_hid.o
 .text.USBD_HID_SendReport
                0x0000000008005184       0x44 Middlewares/ST/STM32_USB_Device_Library/Class/HID/Src/usbd_hid.o
                0x0000000008005184                USBD_HID_SendReport
 .text.USBD_HID_GetFSCfgDesc
                0x00000000080051c8       0x20 Middlewares/ST/STM32_USB_Device_Library/Class/HID/Src/usbd_hid.o
 .text.USBD_HID_GetHSCfgDesc
                0x00000000080051e8       0x20 Middlewares/ST/STM32_USB_Device_Library/Class/HID/Src/usbd_hid.o
 .text.USBD_HID_GetOtherSpeedCfgDesc
                0x0000000008005208       0x20 Middlewares/ST/STM32_USB_Device_Library/Class/HID/Src/usbd_hid.o
 .text.USBD_HID_DataIn
                0x0000000008005228       0x22 Middlewares/ST/STM32_USB_Device_Library/Class/HID/Src/usbd_hid.o
 *fill*         0x000000000800524a        0x2 
 .text.USBD_HID_GetDeviceQualifierDesc
                0x000000000800524c       0x20 Middlewares/ST/STM32_USB_Device_Library/Class/HID/Src/usbd_hid.o
 .text.USBD_Init
                0x000000000800526c       0x56 Middlewares/ST/STM32_USB_Device_Library/Core/Src/usbd_core.o
                0x000000000800526c                USBD_Init
 .text.USBD_RegisterClass
                0x00000000080052c2       0x32 Middlewares/ST/STM32_USB_Device_Library/Core/Src/usbd_core.o
                0x00000000080052c2                USBD_RegisterClass
 .text.USBD_Start
                0x00000000080052f4       0x18 Middlewares/ST/STM32_USB_Device_Library/Core/Src/usbd_core.o
                0x00000000080052f4                USBD_Start
 .text.USBD_RunTestMode
                0x000000000800530c       0x14 Middlewares/ST/STM32_USB_Device_Library/Core/Src/usbd_core.o
                0x000000000800530c                USBD_RunTestMode
 .text.USBD_SetClassConfig
                0x0000000008005320       0x3e Middlewares/ST/STM32_USB_Device_Library/Core/Src/usbd_core.o
                0x0000000008005320                USBD_SetClassConfig
 .text.USBD_ClrClassConfig
                0x000000000800535e       0x26 Middlewares/ST/STM32_USB_Device_Library/Core/Src/usbd_core.o
                0x000000000800535e                USBD_ClrClassConfig
 .text.USBD_LL_SetupStage
                0x0000000008005384       0x9a Middlewares/ST/STM32_USB_Device_Library/Core/Src/usbd_core.o
                0x0000000008005384                USBD_LL_SetupStage
 .text.USBD_LL_DataOutStage
                0x000000000800541e       0xe2 Middlewares/ST/STM32_USB_Device_Library/Core/Src/usbd_core.o
                0x000000000800541e                USBD_LL_DataOutStage
 .text.USBD_LL_DataInStage
                0x0000000008005500      0x14a Middlewares/ST/STM32_USB_Device_Library/Core/Src/usbd_core.o
                0x0000000008005500                USBD_LL_DataInStage
 .text.USBD_LL_Reset
                0x000000000800564a       0x82 Middlewares/ST/STM32_USB_Device_Library/Core/Src/usbd_core.o
                0x000000000800564a                USBD_LL_Reset
 .text.USBD_LL_SetSpeed
                0x00000000080056cc       0x1e Middlewares/ST/STM32_USB_Device_Library/Core/Src/usbd_core.o
                0x00000000080056cc                USBD_LL_SetSpeed
 .text.USBD_LL_Suspend
                0x00000000080056ea       0x28 Middlewares/ST/STM32_USB_Device_Library/Core/Src/usbd_core.o
                0x00000000080056ea                USBD_LL_Suspend
 .text.USBD_LL_Resume
                0x0000000008005712       0x2a Middlewares/ST/STM32_USB_Device_Library/Core/Src/usbd_core.o
                0x0000000008005712                USBD_LL_Resume
 .text.USBD_LL_SOF
                0x000000000800573c       0x34 Middlewares/ST/STM32_USB_Device_Library/Core/Src/usbd_core.o
                0x000000000800573c                USBD_LL_SOF
 .text.USBD_StdDevReq
                0x0000000008005770       0xd4 Middlewares/ST/STM32_USB_Device_Library/Core/Src/usbd_ctlreq.o
                0x0000000008005770                USBD_StdDevReq
 .text.USBD_StdItfReq
                0x0000000008005844       0x90 Middlewares/ST/STM32_USB_Device_Library/Core/Src/usbd_ctlreq.o
                0x0000000008005844                USBD_StdItfReq
 .text.USBD_StdEPReq
                0x00000000080058d4      0x2c6 Middlewares/ST/STM32_USB_Device_Library/Core/Src/usbd_ctlreq.o
                0x00000000080058d4                USBD_StdEPReq
 *fill*         0x0000000008005b9a        0x2 
 .text.USBD_GetDescriptor
                0x0000000008005b9c      0x2d0 Middlewares/ST/STM32_USB_Device_Library/Core/Src/usbd_ctlreq.o
 .text.USBD_SetAddress
                0x0000000008005e6c       0x86 Middlewares/ST/STM32_USB_Device_Library/Core/Src/usbd_ctlreq.o
 *fill*         0x0000000008005ef2        0x2 
 .text.USBD_SetConfig
                0x0000000008005ef4      0x11c Middlewares/ST/STM32_USB_Device_Library/Core/Src/usbd_ctlreq.o
 .text.USBD_GetConfig
                0x0000000008006010       0x6a Middlewares/ST/STM32_USB_Device_Library/Core/Src/usbd_ctlreq.o
 .text.USBD_GetStatus
                0x000000000800607a       0x66 Middlewares/ST/STM32_USB_Device_Library/Core/Src/usbd_ctlreq.o
 .text.USBD_SetFeature
                0x00000000080060e0       0x28 Middlewares/ST/STM32_USB_Device_Library/Core/Src/usbd_ctlreq.o
 .text.USBD_ClrFeature
                0x0000000008006108       0x42 Middlewares/ST/STM32_USB_Device_Library/Core/Src/usbd_ctlreq.o
 .text.USBD_ParseSetupRequest
                0x000000000800614a       0x78 Middlewares/ST/STM32_USB_Device_Library/Core/Src/usbd_ctlreq.o
                0x000000000800614a                USBD_ParseSetupRequest
 .text.USBD_CtlError
                0x00000000080061c2       0x22 Middlewares/ST/STM32_USB_Device_Library/Core/Src/usbd_ctlreq.o
                0x00000000080061c2                USBD_CtlError
 .text.USBD_GetString
                0x00000000080061e4       0x84 Middlewares/ST/STM32_USB_Device_Library/Core/Src/usbd_ctlreq.o
                0x00000000080061e4                USBD_GetString
 .text.USBD_GetLen
                0x0000000008006268       0x2e Middlewares/ST/STM32_USB_Device_Library/Core/Src/usbd_ctlreq.o
 .text.USBD_CtlSendData
                0x0000000008006296       0x38 Middlewares/ST/STM32_USB_Device_Library/Core/Src/usbd_ioreq.o
                0x0000000008006296                USBD_CtlSendData
 .text.USBD_CtlContinueSendData
                0x00000000080062ce       0x24 Middlewares/ST/STM32_USB_Device_Library/Core/Src/usbd_ioreq.o
                0x00000000080062ce                USBD_CtlContinueSendData
 .text.USBD_CtlContinueRx
                0x00000000080062f2       0x24 Middlewares/ST/STM32_USB_Device_Library/Core/Src/usbd_ioreq.o
                0x00000000080062f2                USBD_CtlContinueRx
 .text.USBD_CtlSendStatus
                0x0000000008006316       0x26 Middlewares/ST/STM32_USB_Device_Library/Core/Src/usbd_ioreq.o
                0x0000000008006316                USBD_CtlSendStatus
 .text.USBD_CtlReceiveStatus
                0x000000000800633c       0x26 Middlewares/ST/STM32_USB_Device_Library/Core/Src/usbd_ioreq.o
                0x000000000800633c                USBD_CtlReceiveStatus
 *fill*         0x0000000008006362        0x2 
 .text.osKernelInitialize
                0x0000000008006364       0x64 Middlewares/Third_Party/FreeRTOS/Source/CMSIS_RTOS_V2/cmsis_os2.o
                0x0000000008006364                osKernelInitialize
 .text.osKernelStart
                0x00000000080063c8       0x68 Middlewares/Third_Party/FreeRTOS/Source/CMSIS_RTOS_V2/cmsis_os2.o
                0x00000000080063c8                osKernelStart
 .text.osThreadNew
                0x0000000008006430      0x154 Middlewares/Third_Party/FreeRTOS/Source/CMSIS_RTOS_V2/cmsis_os2.o
                0x0000000008006430                osThreadNew
 .text.osDelay  0x0000000008006584       0x5c Middlewares/Third_Party/FreeRTOS/Source/CMSIS_RTOS_V2/cmsis_os2.o
                0x0000000008006584                osDelay
 .text.vApplicationGetIdleTaskMemory
                0x00000000080065e0       0x30 Middlewares/Third_Party/FreeRTOS/Source/CMSIS_RTOS_V2/cmsis_os2.o
                0x00000000080065e0                vApplicationGetIdleTaskMemory
 .text.vApplicationGetTimerTaskMemory
                0x0000000008006610       0x34 Middlewares/Third_Party/FreeRTOS/Source/CMSIS_RTOS_V2/cmsis_os2.o
                0x0000000008006610                vApplicationGetTimerTaskMemory
 .text.vListInitialise
                0x0000000008006644       0x3e Middlewares/Third_Party/FreeRTOS/Source/list.o
                0x0000000008006644                vListInitialise
 .text.vListInitialiseItem
                0x0000000008006682       0x18 Middlewares/Third_Party/FreeRTOS/Source/list.o
                0x0000000008006682                vListInitialiseItem
 .text.vListInsertEnd
                0x000000000800669a       0x46 Middlewares/Third_Party/FreeRTOS/Source/list.o
                0x000000000800669a                vListInsertEnd
 .text.vListInsert
                0x00000000080066e0       0x70 Middlewares/Third_Party/FreeRTOS/Source/list.o
                0x00000000080066e0                vListInsert
 .text.uxListRemove
                0x0000000008006750       0x52 Middlewares/Third_Party/FreeRTOS/Source/list.o
                0x0000000008006750                uxListRemove
 *fill*         0x00000000080067a2        0x2 
 .text.xQueueGenericReset
                0x00000000080067a4       0xd0 Middlewares/Third_Party/FreeRTOS/Source/queue.o
                0x00000000080067a4                xQueueGenericReset
 .text.xQueueGenericCreateStatic
                0x0000000008006874       0xee Middlewares/Third_Party/FreeRTOS/Source/queue.o
                0x0000000008006874                xQueueGenericCreateStatic
 .text.prvInitialiseNewQueue
                0x0000000008006962       0x46 Middlewares/Third_Party/FreeRTOS/Source/queue.o
 .text.xQueueGenericSend
                0x00000000080069a8      0x1fc Middlewares/Third_Party/FreeRTOS/Source/queue.o
                0x00000000080069a8                xQueueGenericSend
 .text.xQueueGenericSendFromISR
                0x0000000008006ba4      0x130 Middlewares/Third_Party/FreeRTOS/Source/queue.o
                0x0000000008006ba4                xQueueGenericSendFromISR
 .text.xQueueReceive
                0x0000000008006cd4      0x1c0 Middlewares/Third_Party/FreeRTOS/Source/queue.o
                0x0000000008006cd4                xQueueReceive
 .text.prvCopyDataToQueue
                0x0000000008006e94       0xd4 Middlewares/Third_Party/FreeRTOS/Source/queue.o
 .text.prvCopyDataFromQueue
                0x0000000008006f68       0x4c Middlewares/Third_Party/FreeRTOS/Source/queue.o
 .text.prvUnlockQueue
                0x0000000008006fb4       0xa4 Middlewares/Third_Party/FreeRTOS/Source/queue.o
 .text.prvIsQueueEmpty
                0x0000000008007058       0x2c Middlewares/Third_Party/FreeRTOS/Source/queue.o
 .text.prvIsQueueFull
                0x0000000008007084       0x30 Middlewares/Third_Party/FreeRTOS/Source/queue.o
 .text.vQueueAddToRegistry
                0x00000000080070b4       0x50 Middlewares/Third_Party/FreeRTOS/Source/queue.o
                0x00000000080070b4                vQueueAddToRegistry
 .text.vQueueWaitForMessageRestricted
                0x0000000008007104       0x68 Middlewares/Third_Party/FreeRTOS/Source/queue.o
                0x0000000008007104                vQueueWaitForMessageRestricted
 .text.xTaskCreateStatic
                0x000000000800716c       0xb8 Middlewares/Third_Party/FreeRTOS/Source/tasks.o
                0x000000000800716c                xTaskCreateStatic
 .text.xTaskCreate
                0x0000000008007224       0x8a Middlewares/Third_Party/FreeRTOS/Source/tasks.o
                0x0000000008007224                xTaskCreate
 .text.prvInitialiseNewTask
                0x00000000080072ae      0x10e Middlewares/Third_Party/FreeRTOS/Source/tasks.o
 .text.prvAddNewTaskToReadyList
                0x00000000080073bc       0xe0 Middlewares/Third_Party/FreeRTOS/Source/tasks.o
 .text.vTaskDelay
                0x000000000800749c       0x68 Middlewares/Third_Party/FreeRTOS/Source/tasks.o
                0x000000000800749c                vTaskDelay
 .text.vTaskStartScheduler
                0x0000000008007504       0xcc Middlewares/Third_Party/FreeRTOS/Source/tasks.o
                0x0000000008007504                vTaskStartScheduler
 .text.vTaskSuspendAll
                0x00000000080075d0       0x1c Middlewares/Third_Party/FreeRTOS/Source/tasks.o
                0x00000000080075d0                vTaskSuspendAll
 .text.xTaskResumeAll
                0x00000000080075ec      0x13c Middlewares/Third_Party/FreeRTOS/Source/tasks.o
                0x00000000080075ec                xTaskResumeAll
 .text.xTaskGetTickCount
                0x0000000008007728       0x1c Middlewares/Third_Party/FreeRTOS/Source/tasks.o
                0x0000000008007728                xTaskGetTickCount
 .text.xTaskIncrementTick
                0x0000000008007744      0x17c Middlewares/Third_Party/FreeRTOS/Source/tasks.o
                0x0000000008007744                xTaskIncrementTick
 .text.vTaskSwitchContext
                0x00000000080078c0       0xb8 Middlewares/Third_Party/FreeRTOS/Source/tasks.o
                0x00000000080078c0                vTaskSwitchContext
 .text.vTaskPlaceOnEventList
                0x0000000008007978       0x48 Middlewares/Third_Party/FreeRTOS/Source/tasks.o
                0x0000000008007978                vTaskPlaceOnEventList
 .text.vTaskPlaceOnEventListRestricted
                0x00000000080079c0       0x58 Middlewares/Third_Party/FreeRTOS/Source/tasks.o
                0x00000000080079c0                vTaskPlaceOnEventListRestricted
 .text.xTaskRemoveFromEventList
                0x0000000008007a18       0xc8 Middlewares/Third_Party/FreeRTOS/Source/tasks.o
                0x0000000008007a18                xTaskRemoveFromEventList
 .text.vTaskInternalSetTimeOutState
                0x0000000008007ae0       0x2c Middlewares/Third_Party/FreeRTOS/Source/tasks.o
                0x0000000008007ae0                vTaskInternalSetTimeOutState
 .text.xTaskCheckForTimeOut
                0x0000000008007b0c       0xc4 Middlewares/Third_Party/FreeRTOS/Source/tasks.o
                0x0000000008007b0c                xTaskCheckForTimeOut
 .text.vTaskMissedYield
                0x0000000008007bd0       0x18 Middlewares/Third_Party/FreeRTOS/Source/tasks.o
                0x0000000008007bd0                vTaskMissedYield
 .text.prvIdleTask
                0x0000000008007be8       0x30 Middlewares/Third_Party/FreeRTOS/Source/tasks.o
 .text.prvInitialiseTaskLists
                0x0000000008007c18       0x80 Middlewares/Third_Party/FreeRTOS/Source/tasks.o
 .text.prvCheckTasksWaitingTermination
                0x0000000008007c98       0x5c Middlewares/Third_Party/FreeRTOS/Source/tasks.o
 .text.prvDeleteTCB
                0x0000000008007cf4       0x5e Middlewares/Third_Party/FreeRTOS/Source/tasks.o
 *fill*         0x0000000008007d52        0x2 
 .text.prvResetNextTaskUnblockTime
                0x0000000008007d54       0x48 Middlewares/Third_Party/FreeRTOS/Source/tasks.o
 .text.xTaskGetSchedulerState
                0x0000000008007d9c       0x3c Middlewares/Third_Party/FreeRTOS/Source/tasks.o
                0x0000000008007d9c                xTaskGetSchedulerState
 .text.xTaskPriorityDisinherit
                0x0000000008007dd8       0xdc Middlewares/Third_Party/FreeRTOS/Source/tasks.o
                0x0000000008007dd8                xTaskPriorityDisinherit
 .text.prvAddCurrentTaskToDelayedList
                0x0000000008007eb4       0xa8 Middlewares/Third_Party/FreeRTOS/Source/tasks.o
 .text.xTimerCreateTimerTask
                0x0000000008007f5c       0x90 Middlewares/Third_Party/FreeRTOS/Source/timers.o
                0x0000000008007f5c                xTimerCreateTimerTask
 .text.xTimerGenericCommand
                0x0000000008007fec       0x9c Middlewares/Third_Party/FreeRTOS/Source/timers.o
                0x0000000008007fec                xTimerGenericCommand
 .text.prvProcessExpiredTimer
                0x0000000008008088       0x80 Middlewares/Third_Party/FreeRTOS/Source/timers.o
 .text.prvTimerTask
                0x0000000008008108       0x24 Middlewares/Third_Party/FreeRTOS/Source/timers.o
 .text.prvProcessTimerOrBlockTask
                0x000000000800812c       0x9c Middlewares/Third_Party/FreeRTOS/Source/timers.o
 .text.prvGetNextExpireTime
                0x00000000080081c8       0x48 Middlewares/Third_Party/FreeRTOS/Source/timers.o
 .text.prvSampleTimeNow
                0x0000000008008210       0x40 Middlewares/Third_Party/FreeRTOS/Source/timers.o
 .text.prvInsertTimerInActiveList
                0x0000000008008250       0x84 Middlewares/Third_Party/FreeRTOS/Source/timers.o
 .text.prvProcessReceivedCommands
                0x00000000080082d4      0x168 Middlewares/Third_Party/FreeRTOS/Source/timers.o
 .text.prvSwitchTimerLists
                0x000000000800843c       0xc4 Middlewares/Third_Party/FreeRTOS/Source/timers.o
 .text.prvCheckForValidListAndQueue
                0x0000000008008500       0x80 Middlewares/Third_Party/FreeRTOS/Source/timers.o
 .text.pxPortInitialiseStack
                0x0000000008008580       0x58 Middlewares/Third_Party/FreeRTOS/Source/portable/GCC/ARM_CM3/port.o
                0x0000000008008580                pxPortInitialiseStack
 .text.prvTaskExitError
                0x00000000080085d8       0x58 Middlewares/Third_Party/FreeRTOS/Source/portable/GCC/ARM_CM3/port.o
 .text.SVC_Handler
                0x0000000008008630       0x28 Middlewares/Third_Party/FreeRTOS/Source/portable/GCC/ARM_CM3/port.o
                0x0000000008008630                SVC_Handler
 .text.prvPortStartFirstTask
                0x0000000008008658       0x20 Middlewares/Third_Party/FreeRTOS/Source/portable/GCC/ARM_CM3/port.o
 .text.xPortStartScheduler
                0x0000000008008678       0xe4 Middlewares/Third_Party/FreeRTOS/Source/portable/GCC/ARM_CM3/port.o
                0x0000000008008678                xPortStartScheduler
 .text.vPortEnterCritical
                0x000000000800875c       0x60 Middlewares/Third_Party/FreeRTOS/Source/portable/GCC/ARM_CM3/port.o
                0x000000000800875c                vPortEnterCritical
 .text.vPortExitCritical
                0x00000000080087bc       0x50 Middlewares/Third_Party/FreeRTOS/Source/portable/GCC/ARM_CM3/port.o
                0x00000000080087bc                vPortExitCritical
 *fill*         0x000000000800880c        0x4 
 .text.PendSV_Handler
                0x0000000008008810       0x48 Middlewares/Third_Party/FreeRTOS/Source/portable/GCC/ARM_CM3/port.o
                0x0000000008008810                PendSV_Handler
 .text.xPortSysTickHandler
                0x0000000008008858       0x44 Middlewares/Third_Party/FreeRTOS/Source/portable/GCC/ARM_CM3/port.o
                0x0000000008008858                xPortSysTickHandler
 .text.vPortSetupTimerInterrupt
                0x000000000800889c       0x44 Middlewares/Third_Party/FreeRTOS/Source/portable/GCC/ARM_CM3/port.o
                0x000000000800889c                vPortSetupTimerInterrupt
 .text.vPortValidateInterruptPriority
                0x00000000080088e0       0x7c Middlewares/Third_Party/FreeRTOS/Source/portable/GCC/ARM_CM3/port.o
                0x00000000080088e0                vPortValidateInterruptPriority
 .text.pvPortMalloc
                0x000000000800895c      0x188 Middlewares/Third_Party/FreeRTOS/Source/portable/MemMang/heap_4.o
                0x000000000800895c                pvPortMalloc
 .text.vPortFree
                0x0000000008008ae4       0xb4 Middlewares/Third_Party/FreeRTOS/Source/portable/MemMang/heap_4.o
                0x0000000008008ae4                vPortFree
 .text.prvHeapInit
                0x0000000008008b98       0xc4 Middlewares/Third_Party/FreeRTOS/Source/portable/MemMang/heap_4.o
 .text.prvInsertBlockIntoFreeList
                0x0000000008008c5c       0xb0 Middlewares/Third_Party/FreeRTOS/Source/portable/MemMang/heap_4.o
 .text.MX_USB_DEVICE_Init
                0x0000000008008d0c       0x4c USB_DEVICE/App/usb_device.o
                0x0000000008008d0c                MX_USB_DEVICE_Init
 .text.USBD_FS_DeviceDescriptor
                0x0000000008008d58       0x24 USB_DEVICE/App/usbd_desc.o
                0x0000000008008d58                USBD_FS_DeviceDescriptor
 .text.USBD_FS_LangIDStrDescriptor
                0x0000000008008d7c       0x24 USB_DEVICE/App/usbd_desc.o
                0x0000000008008d7c                USBD_FS_LangIDStrDescriptor
 .text.USBD_FS_ProductStrDescriptor
                0x0000000008008da0       0x3c USB_DEVICE/App/usbd_desc.o
                0x0000000008008da0                USBD_FS_ProductStrDescriptor
 .text.USBD_FS_ManufacturerStrDescriptor
                0x0000000008008ddc       0x28 USB_DEVICE/App/usbd_desc.o
                0x0000000008008ddc                USBD_FS_ManufacturerStrDescriptor
 .text.USBD_FS_SerialStrDescriptor
                0x0000000008008e04       0x24 USB_DEVICE/App/usbd_desc.o
                0x0000000008008e04                USBD_FS_SerialStrDescriptor
 .text.USBD_FS_ConfigStrDescriptor
                0x0000000008008e28       0x3c USB_DEVICE/App/usbd_desc.o
                0x0000000008008e28                USBD_FS_ConfigStrDescriptor
 .text.USBD_FS_InterfaceStrDescriptor
                0x0000000008008e64       0x3c USB_DEVICE/App/usbd_desc.o
                0x0000000008008e64                USBD_FS_InterfaceStrDescriptor
 .text.Get_SerialNum
                0x0000000008008ea0       0x58 USB_DEVICE/App/usbd_desc.o
 .text.IntToUnicode
                0x0000000008008ef8       0x7c USB_DEVICE/App/usbd_desc.o
 .text.HAL_PCD_MspInit
                0x0000000008008f74       0x4c USB_DEVICE/Target/usbd_conf.o
                0x0000000008008f74                HAL_PCD_MspInit
 .text.HAL_PCD_SetupStageCallback
                0x0000000008008fc0       0x24 USB_DEVICE/Target/usbd_conf.o
                0x0000000008008fc0                HAL_PCD_SetupStageCallback
 .text.HAL_PCD_DataOutStageCallback
                0x0000000008008fe4       0x36 USB_DEVICE/Target/usbd_conf.o
                0x0000000008008fe4                HAL_PCD_DataOutStageCallback
 .text.HAL_PCD_DataInStageCallback
                0x000000000800901a       0x34 USB_DEVICE/Target/usbd_conf.o
                0x000000000800901a                HAL_PCD_DataInStageCallback
 .text.HAL_PCD_SOFCallback
                0x000000000800904e       0x1c USB_DEVICE/Target/usbd_conf.o
                0x000000000800904e                HAL_PCD_SOFCallback
 .text.HAL_PCD_ResetCallback
                0x000000000800906a       0x3c USB_DEVICE/Target/usbd_conf.o
                0x000000000800906a                HAL_PCD_ResetCallback
 *fill*         0x00000000080090a6        0x2 
 .text.HAL_PCD_SuspendCallback
                0x00000000080090a8       0x34 USB_DEVICE/Target/usbd_conf.o
                0x00000000080090a8                HAL_PCD_SuspendCallback
 .text.HAL_PCD_ResumeCallback
                0x00000000080090dc       0x1c USB_DEVICE/Target/usbd_conf.o
                0x00000000080090dc                HAL_PCD_ResumeCallback
 .text.USBD_LL_Init
                0x00000000080090f8       0x90 USB_DEVICE/Target/usbd_conf.o
                0x00000000080090f8                USBD_LL_Init
 .text.USBD_LL_Start
                0x0000000008009188       0x36 USB_DEVICE/Target/usbd_conf.o
                0x0000000008009188                USBD_LL_Start
 .text.USBD_LL_OpenEP
                0x00000000080091be       0x4c USB_DEVICE/Target/usbd_conf.o
                0x00000000080091be                USBD_LL_OpenEP
 .text.USBD_LL_CloseEP
                0x000000000800920a       0x3e USB_DEVICE/Target/usbd_conf.o
                0x000000000800920a                USBD_LL_CloseEP
 .text.USBD_LL_StallEP
                0x0000000008009248       0x3e USB_DEVICE/Target/usbd_conf.o
                0x0000000008009248                USBD_LL_StallEP
 .text.USBD_LL_ClearStallEP
                0x0000000008009286       0x3e USB_DEVICE/Target/usbd_conf.o
                0x0000000008009286                USBD_LL_ClearStallEP
 .text.USBD_LL_IsStallEP
                0x00000000080092c4       0x58 USB_DEVICE/Target/usbd_conf.o
                0x00000000080092c4                USBD_LL_IsStallEP
 .text.USBD_LL_SetUSBAddress
                0x000000000800931c       0x3e USB_DEVICE/Target/usbd_conf.o
                0x000000000800931c                USBD_LL_SetUSBAddress
 .text.USBD_LL_Transmit
                0x000000000800935a       0x46 USB_DEVICE/Target/usbd_conf.o
                0x000000000800935a                USBD_LL_Transmit
 .text.USBD_LL_PrepareReceive
                0x00000000080093a0       0x46 USB_DEVICE/Target/usbd_conf.o
                0x00000000080093a0                USBD_LL_PrepareReceive
 *fill*         0x00000000080093e6        0x2 
 .text.USBD_static_malloc
                0x00000000080093e8       0x18 USB_DEVICE/Target/usbd_conf.o
                0x00000000080093e8                USBD_static_malloc
 .text.USBD_static_free
                0x0000000008009400       0x12 USB_DEVICE/Target/usbd_conf.o
                0x0000000008009400                USBD_static_free
 .text.HAL_PCDEx_SetConnectionState
                0x0000000008009412       0x16 USB_DEVICE/Target/usbd_conf.o
                0x0000000008009412                HAL_PCDEx_SetConnectionState
 .text.USBD_Get_USB_Status
                0x0000000008009428       0x58 USB_DEVICE/Target/usbd_conf.o
 .text.__libc_init_array
                0x0000000008009480       0x48 c:/st/stm32cubeide_1.6.1/stm32cubeide/plugins/com.st.stm32cube.ide.mcu.externaltools.gnu-tools-for-stm32.9-2020-q2-update.win32_1.5.0.202011040924/tools/bin/../lib/gcc/arm-none-eabi/9.3.1/../../../../arm-none-eabi/lib/thumb/v7-m/nofp\libc_nano.a(lib_a-init.o)
                0x0000000008009480                __libc_init_array
 .text.memcpy   0x00000000080094c8       0x1c c:/st/stm32cubeide_1.6.1/stm32cubeide/plugins/com.st.stm32cube.ide.mcu.externaltools.gnu-tools-for-stm32.9-2020-q2-update.win32_1.5.0.202011040924/tools/bin/../lib/gcc/arm-none-eabi/9.3.1/../../../../arm-none-eabi/lib/thumb/v7-m/nofp\libc_nano.a(lib_a-memcpy-stub.o)
                0x00000000080094c8                memcpy
 .text.memset   0x00000000080094e4       0x10 c:/st/stm32cubeide_1.6.1/stm32cubeide/plugins/com.st.stm32cube.ide.mcu.externaltools.gnu-tools-for-stm32.9-2020-q2-update.win32_1.5.0.202011040924/tools/bin/../lib/gcc/arm-none-eabi/9.3.1/../../../../arm-none-eabi/lib/thumb/v7-m/nofp\libc_nano.a(lib_a-memset.o)
                0x00000000080094e4                memset
 *(.glue_7)
 .glue_7        0x00000000080094f4        0x0 linker stubs
 *(.glue_7t)
 .glue_7t       0x00000000080094f4        0x0 linker stubs
 *(.eh_frame)
 .eh_frame      0x00000000080094f4        0x0 c:/st/stm32cubeide_1.6.1/stm32cubeide/plugins/com.st.stm32cube.ide.mcu.externaltools.gnu-tools-for-stm32.9-2020-q2-update.win32_1.5.0.202011040924/tools/bin/../lib/gcc/arm-none-eabi/9.3.1/thumb/v7-m/nofp/crtbegin.o
 *(.init)
 .init          0x00000000080094f4        0x4 c:/st/stm32cubeide_1.6.1/stm32cubeide/plugins/com.st.stm32cube.ide.mcu.externaltools.gnu-tools-for-stm32.9-2020-q2-update.win32_1.5.0.202011040924/tools/bin/../lib/gcc/arm-none-eabi/9.3.1/thumb/v7-m/nofp/crti.o
                0x00000000080094f4                _init
 .init          0x00000000080094f8        0x8 c:/st/stm32cubeide_1.6.1/stm32cubeide/plugins/com.st.stm32cube.ide.mcu.externaltools.gnu-tools-for-stm32.9-2020-q2-update.win32_1.5.0.202011040924/tools/bin/../lib/gcc/arm-none-eabi/9.3.1/thumb/v7-m/nofp/crtn.o
 *(.fini)
 .fini          0x0000000008009500        0x4 c:/st/stm32cubeide_1.6.1/stm32cubeide/plugins/com.st.stm32cube.ide.mcu.externaltools.gnu-tools-for-stm32.9-2020-q2-update.win32_1.5.0.202011040924/tools/bin/../lib/gcc/arm-none-eabi/9.3.1/thumb/v7-m/nofp/crti.o
                0x0000000008009500                _fini
 .fini          0x0000000008009504        0x8 c:/st/stm32cubeide_1.6.1/stm32cubeide/plugins/com.st.stm32cube.ide.mcu.externaltools.gnu-tools-for-stm32.9-2020-q2-update.win32_1.5.0.202011040924/tools/bin/../lib/gcc/arm-none-eabi/9.3.1/thumb/v7-m/nofp/crtn.o
                0x000000000800950c                . = ALIGN (0x4)
                0x000000000800950c                _etext = .

.vfp11_veneer   0x000000000800950c        0x0
 .vfp11_veneer  0x000000000800950c        0x0 linker stubs

.v4_bx          0x000000000800950c        0x0
 .v4_bx         0x000000000800950c        0x0 linker stubs

.iplt           0x000000000800950c        0x0
 .iplt          0x000000000800950c        0x0 c:/st/stm32cubeide_1.6.1/stm32cubeide/plugins/com.st.stm32cube.ide.mcu.externaltools.gnu-tools-for-stm32.9-2020-q2-update.win32_1.5.0.202011040924/tools/bin/../lib/gcc/arm-none-eabi/9.3.1/thumb/v7-m/nofp/crtbegin.o

.rodata         0x000000000800950c      0x198
                0x000000000800950c                . = ALIGN (0x4)
 *(.rodata)
 .rodata        0x000000000800950c       0x23 Core/Src/main.o
 *fill*         0x000000000800952f        0x1 
 .rodata        0x0000000008009530       0x10 Drivers/STM32F1xx_HAL_Driver/Src/stm32f1xx_hal_rcc.o
 .rodata        0x0000000008009540        0x5 Middlewares/Third_Party/FreeRTOS/Source/tasks.o
 *fill*         0x0000000008009545        0x3 
 .rodata        0x0000000008009548        0xd Middlewares/Third_Party/FreeRTOS/Source/timers.o
 *fill*         0x0000000008009555        0x3 
 .rodata        0x0000000008009558       0x3e USB_DEVICE/App/usbd_desc.o
 *(.rodata*)
 *fill*         0x0000000008009596        0x2 
 .rodata.defaultTask_attributes
                0x0000000008009598       0x24 Core/Src/main.o
                0x0000000008009598                defaultTask_attributes
 .rodata.usbCom_attributes
                0x00000000080095bc       0x24 Core/Src/main.o
                0x00000000080095bc                usbCom_attributes
 .rodata.keyboardMatrix_attributes
                0x00000000080095e0       0x24 Core/Src/main.o
                0x00000000080095e0                keyboardMatrix_attributes
 .rodata.keymap_azerty
                0x0000000008009604       0x90 Core/Src/main.o
                0x0000000008009604                keymap_azerty
 .rodata.AHBPrescTable
                0x0000000008009694       0x10 Core/Src/system_stm32f1xx.o
                0x0000000008009694                AHBPrescTable
                0x00000000080096a4                . = ALIGN (0x4)

.rel.dyn        0x00000000080096a4        0x0
 .rel.iplt      0x00000000080096a4        0x0 c:/st/stm32cubeide_1.6.1/stm32cubeide/plugins/com.st.stm32cube.ide.mcu.externaltools.gnu-tools-for-stm32.9-2020-q2-update.win32_1.5.0.202011040924/tools/bin/../lib/gcc/arm-none-eabi/9.3.1/thumb/v7-m/nofp/crtbegin.o

.ARM.extab      0x00000000080096a4        0x0
                0x00000000080096a4                . = ALIGN (0x4)
 *(.ARM.extab* .gnu.linkonce.armextab.*)
                0x00000000080096a4                . = ALIGN (0x4)

.ARM            0x00000000080096a4        0x0
                0x00000000080096a4                . = ALIGN (0x4)
                0x00000000080096a4                __exidx_start = .
 *(.ARM.exidx*)
                0x00000000080096a4                __exidx_end = .
                0x00000000080096a4                . = ALIGN (0x4)

.preinit_array  0x00000000080096a4        0x0
                0x00000000080096a4                . = ALIGN (0x4)
                0x00000000080096a4                PROVIDE (__preinit_array_start = .)
 *(.preinit_array*)
                0x00000000080096a4                PROVIDE (__preinit_array_end = .)
                0x00000000080096a4                . = ALIGN (0x4)

.init_array     0x00000000080096a4        0x4
                0x00000000080096a4                . = ALIGN (0x4)
                0x00000000080096a4                PROVIDE (__init_array_start = .)
 *(SORT_BY_NAME(.init_array.*))
 *(.init_array*)
 .init_array    0x00000000080096a4        0x4 c:/st/stm32cubeide_1.6.1/stm32cubeide/plugins/com.st.stm32cube.ide.mcu.externaltools.gnu-tools-for-stm32.9-2020-q2-update.win32_1.5.0.202011040924/tools/bin/../lib/gcc/arm-none-eabi/9.3.1/thumb/v7-m/nofp/crtbegin.o
                0x00000000080096a8                PROVIDE (__init_array_end = .)
                0x00000000080096a8                . = ALIGN (0x4)

.fini_array     0x00000000080096a8        0x4
                0x00000000080096a8                . = ALIGN (0x4)
                [!provide]                        PROVIDE (__fini_array_start = .)
 *(SORT_BY_NAME(.fini_array.*))
 *(.fini_array*)
 .fini_array    0x00000000080096a8        0x4 c:/st/stm32cubeide_1.6.1/stm32cubeide/plugins/com.st.stm32cube.ide.mcu.externaltools.gnu-tools-for-stm32.9-2020-q2-update.win32_1.5.0.202011040924/tools/bin/../lib/gcc/arm-none-eabi/9.3.1/thumb/v7-m/nofp/crtbegin.o
                [!provide]                        PROVIDE (__fini_array_end = .)
                0x00000000080096ac                . = ALIGN (0x4)
                0x00000000080096ac                _sidata = LOADADDR (.data)

.data           0x0000000020000000      0x15c load address 0x00000000080096ac
                0x0000000020000000                . = ALIGN (0x4)
                0x0000000020000000                _sdata = .
 *(.data)
 *(.data*)
 .data.SystemCoreClock
                0x0000000020000000        0x4 Core/Src/system_stm32f1xx.o
                0x0000000020000000                SystemCoreClock
 .data.uwTickPrio
                0x0000000020000004        0x4 Drivers/STM32F1xx_HAL_Driver/Src/stm32f1xx_hal.o
                0x0000000020000004                uwTickPrio
 .data.uwTickFreq
                0x0000000020000008        0x1 Drivers/STM32F1xx_HAL_Driver/Src/stm32f1xx_hal.o
                0x0000000020000008                uwTickFreq
 *fill*         0x0000000020000009        0x3 
 .data.USBD_HID
                0x000000002000000c       0x38 Middlewares/ST/STM32_USB_Device_Library/Class/HID/Src/usbd_hid.o
                0x000000002000000c                USBD_HID
 .data.USBD_HID_CfgFSDesc
                0x0000000020000044       0x22 Middlewares/ST/STM32_USB_Device_Library/Class/HID/Src/usbd_hid.o
 *fill*         0x0000000020000066        0x2 
 .data.USBD_HID_CfgHSDesc
                0x0000000020000068       0x22 Middlewares/ST/STM32_USB_Device_Library/Class/HID/Src/usbd_hid.o
 *fill*         0x000000002000008a        0x2 
 .data.USBD_HID_OtherSpeedCfgDesc
                0x000000002000008c       0x22 Middlewares/ST/STM32_USB_Device_Library/Class/HID/Src/usbd_hid.o
 *fill*         0x00000000200000ae        0x2 
 .data.USBD_HID_Desc
                0x00000000200000b0        0x9 Middlewares/ST/STM32_USB_Device_Library/Class/HID/Src/usbd_hid.o
 *fill*         0x00000000200000b9        0x3 
 .data.USBD_HID_DeviceQualifierDesc
                0x00000000200000bc        0xa Middlewares/ST/STM32_USB_Device_Library/Class/HID/Src/usbd_hid.o
 *fill*         0x00000000200000c6        0x2 
 .data.HID_KEYBOARD_ReportDesc
                0x00000000200000c8       0x3f Middlewares/ST/STM32_USB_Device_Library/Class/HID/Src/usbd_hid.o
 *fill*         0x0000000020000107        0x1 
 .data.uxCriticalNesting
                0x0000000020000108        0x4 Middlewares/Third_Party/FreeRTOS/Source/portable/GCC/ARM_CM3/port.o
 .data.FS_Desc  0x000000002000010c       0x1c USB_DEVICE/App/usbd_desc.o
                0x000000002000010c                FS_Desc
 .data.USBD_FS_DeviceDesc
                0x0000000020000128       0x12 USB_DEVICE/App/usbd_desc.o
                0x0000000020000128                USBD_FS_DeviceDesc
 *fill*         0x000000002000013a        0x2 
 .data.USBD_LangIDDesc
                0x000000002000013c        0x4 USB_DEVICE/App/usbd_desc.o
                0x000000002000013c                USBD_LangIDDesc
 .data.USBD_StringSerial
                0x0000000020000140       0x1a USB_DEVICE/App/usbd_desc.o
                0x0000000020000140                USBD_StringSerial
 *(.RamFunc)
 *(.RamFunc*)
                0x000000002000015c                . = ALIGN (0x4)
 *fill*         0x000000002000015a        0x2 
                0x000000002000015c                _edata = .

.igot.plt       0x000000002000015c        0x0 load address 0x0000000008009808
 .igot.plt      0x000000002000015c        0x0 c:/st/stm32cubeide_1.6.1/stm32cubeide/plugins/com.st.stm32cube.ide.mcu.externaltools.gnu-tools-for-stm32.9-2020-q2-update.win32_1.5.0.202011040924/tools/bin/../lib/gcc/arm-none-eabi/9.3.1/thumb/v7-m/nofp/crtbegin.o
                0x000000002000015c                . = ALIGN (0x4)

.bss            0x000000002000015c     0x2144 load address 0x0000000008009808
                0x000000002000015c                _sbss = .
                0x000000002000015c                __bss_start__ = _sbss
 *(.bss)
 .bss           0x000000002000015c       0x1c c:/st/stm32cubeide_1.6.1/stm32cubeide/plugins/com.st.stm32cube.ide.mcu.externaltools.gnu-tools-for-stm32.9-2020-q2-update.win32_1.5.0.202011040924/tools/bin/../lib/gcc/arm-none-eabi/9.3.1/thumb/v7-m/nofp/crtbegin.o
 *(.bss*)
 .bss.keyboardhid
                0x0000000020000178        0x8 Core/Src/main.o
                0x0000000020000178                keyboardhid
 .bss.cfgidx.7702
                0x0000000020000180        0x1 Middlewares/ST/STM32_USB_Device_Library/Core/Src/usbd_ctlreq.o
 *fill*         0x0000000020000181        0x3 
 .bss.KernelState
                0x0000000020000184        0x4 Middlewares/Third_Party/FreeRTOS/Source/CMSIS_RTOS_V2/cmsis_os2.o
 .bss.Idle_TCB  0x0000000020000188       0x5c Middlewares/Third_Party/FreeRTOS/Source/CMSIS_RTOS_V2/cmsis_os2.o
 .bss.Idle_Stack
                0x00000000200001e4      0x200 Middlewares/Third_Party/FreeRTOS/Source/CMSIS_RTOS_V2/cmsis_os2.o
 .bss.Timer_TCB
                0x00000000200003e4       0x5c Middlewares/Third_Party/FreeRTOS/Source/CMSIS_RTOS_V2/cmsis_os2.o
 .bss.Timer_Stack
                0x0000000020000440      0x400 Middlewares/Third_Party/FreeRTOS/Source/CMSIS_RTOS_V2/cmsis_os2.o
 .bss.pxCurrentTCB
                0x0000000020000840        0x4 Middlewares/Third_Party/FreeRTOS/Source/tasks.o
                0x0000000020000840                pxCurrentTCB
 .bss.pxReadyTasksLists
                0x0000000020000844      0x460 Middlewares/Third_Party/FreeRTOS/Source/tasks.o
 .bss.xDelayedTaskList1
                0x0000000020000ca4       0x14 Middlewares/Third_Party/FreeRTOS/Source/tasks.o
 .bss.xDelayedTaskList2
                0x0000000020000cb8       0x14 Middlewares/Third_Party/FreeRTOS/Source/tasks.o
 .bss.pxDelayedTaskList
                0x0000000020000ccc        0x4 Middlewares/Third_Party/FreeRTOS/Source/tasks.o
 .bss.pxOverflowDelayedTaskList
                0x0000000020000cd0        0x4 Middlewares/Third_Party/FreeRTOS/Source/tasks.o
 .bss.xPendingReadyList
                0x0000000020000cd4       0x14 Middlewares/Third_Party/FreeRTOS/Source/tasks.o
 .bss.xTasksWaitingTermination
                0x0000000020000ce8       0x14 Middlewares/Third_Party/FreeRTOS/Source/tasks.o
 .bss.uxDeletedTasksWaitingCleanUp
                0x0000000020000cfc        0x4 Middlewares/Third_Party/FreeRTOS/Source/tasks.o
 .bss.xSuspendedTaskList
                0x0000000020000d00       0x14 Middlewares/Third_Party/FreeRTOS/Source/tasks.o
 .bss.uxCurrentNumberOfTasks
                0x0000000020000d14        0x4 Middlewares/Third_Party/FreeRTOS/Source/tasks.o
 .bss.xTickCount
                0x0000000020000d18        0x4 Middlewares/Third_Party/FreeRTOS/Source/tasks.o
 .bss.uxTopReadyPriority
                0x0000000020000d1c        0x4 Middlewares/Third_Party/FreeRTOS/Source/tasks.o
 .bss.xSchedulerRunning
                0x0000000020000d20        0x4 Middlewares/Third_Party/FreeRTOS/Source/tasks.o
 .bss.uxPendedTicks
                0x0000000020000d24        0x4 Middlewares/Third_Party/FreeRTOS/Source/tasks.o
 .bss.xYieldPending
                0x0000000020000d28        0x4 Middlewares/Third_Party/FreeRTOS/Source/tasks.o
 .bss.xNumOfOverflows
                0x0000000020000d2c        0x4 Middlewares/Third_Party/FreeRTOS/Source/tasks.o
 .bss.uxTaskNumber
                0x0000000020000d30        0x4 Middlewares/Third_Party/FreeRTOS/Source/tasks.o
 .bss.xNextTaskUnblockTime
                0x0000000020000d34        0x4 Middlewares/Third_Party/FreeRTOS/Source/tasks.o
 .bss.xIdleTaskHandle
                0x0000000020000d38        0x4 Middlewares/Third_Party/FreeRTOS/Source/tasks.o
 .bss.uxSchedulerSuspended
                0x0000000020000d3c        0x4 Middlewares/Third_Party/FreeRTOS/Source/tasks.o
 .bss.xActiveTimerList1
                0x0000000020000d40       0x14 Middlewares/Third_Party/FreeRTOS/Source/timers.o
 .bss.xActiveTimerList2
                0x0000000020000d54       0x14 Middlewares/Third_Party/FreeRTOS/Source/timers.o
 .bss.pxCurrentTimerList
                0x0000000020000d68        0x4 Middlewares/Third_Party/FreeRTOS/Source/timers.o
 .bss.pxOverflowTimerList
                0x0000000020000d6c        0x4 Middlewares/Third_Party/FreeRTOS/Source/timers.o
 .bss.xTimerQueue
                0x0000000020000d70        0x4 Middlewares/Third_Party/FreeRTOS/Source/timers.o
 .bss.xTimerTaskHandle
                0x0000000020000d74        0x4 Middlewares/Third_Party/FreeRTOS/Source/timers.o
 .bss.xLastTime.5526
                0x0000000020000d78        0x4 Middlewares/Third_Party/FreeRTOS/Source/timers.o
 .bss.ucStaticTimerQueueStorage.5577
                0x0000000020000d7c       0xa0 Middlewares/Third_Party/FreeRTOS/Source/timers.o
 .bss.xStaticTimerQueue.5576
                0x0000000020000e1c       0x50 Middlewares/Third_Party/FreeRTOS/Source/timers.o
 .bss.ucMaxSysCallPriority
                0x0000000020000e6c        0x1 Middlewares/Third_Party/FreeRTOS/Source/portable/GCC/ARM_CM3/port.o
 *fill*         0x0000000020000e6d        0x3 
 .bss.ulMaxPRIGROUPValue
                0x0000000020000e70        0x4 Middlewares/Third_Party/FreeRTOS/Source/portable/GCC/ARM_CM3/port.o
 .bss.ucHeap    0x0000000020000e74      0xc00 Middlewares/Third_Party/FreeRTOS/Source/portable/MemMang/heap_4.o
 .bss.xStart    0x0000000020001a74        0x8 Middlewares/Third_Party/FreeRTOS/Source/portable/MemMang/heap_4.o
 .bss.pxEnd     0x0000000020001a7c        0x4 Middlewares/Third_Party/FreeRTOS/Source/portable/MemMang/heap_4.o
 .bss.xFreeBytesRemaining
                0x0000000020001a80        0x4 Middlewares/Third_Party/FreeRTOS/Source/portable/MemMang/heap_4.o
 .bss.xMinimumEverFreeBytesRemaining
                0x0000000020001a84        0x4 Middlewares/Third_Party/FreeRTOS/Source/portable/MemMang/heap_4.o
 .bss.xBlockAllocatedBit
                0x0000000020001a88        0x4 Middlewares/Third_Party/FreeRTOS/Source/portable/MemMang/heap_4.o
 .bss.mem.7744  0x0000000020001a8c       0x14 USB_DEVICE/Target/usbd_conf.o
 *(COMMON)
 COMMON         0x0000000020001aa0        0xc Core/Src/main.o
                0x0000000020001aa0                defaultTaskHandle
                0x0000000020001aa4                keyboardMatrixHandle
                0x0000000020001aa8                usbComHandle
 COMMON         0x0000000020001aac        0x4 Drivers/STM32F1xx_HAL_Driver/Src/stm32f1xx_hal.o
                0x0000000020001aac                uwTick
 COMMON         0x0000000020001ab0       0x40 Middlewares/Third_Party/FreeRTOS/Source/queue.o
                0x0000000020001ab0                xQueueRegistry
 COMMON         0x0000000020001af0      0x2c4 USB_DEVICE/App/usb_device.o
                0x0000000020001af0                hUsbDeviceFS
 COMMON         0x0000000020001db4      0x200 USB_DEVICE/App/usbd_desc.o
                0x0000000020001db4                USBD_StrDesc
 COMMON         0x0000000020001fb4      0x2ec USB_DEVICE/Target/usbd_conf.o
                0x0000000020001fb4                hpcd_USB_FS
                0x00000000200022a0                . = ALIGN (0x4)
                0x00000000200022a0                _ebss = .
                0x00000000200022a0                __bss_end__ = _ebss

._user_heap_stack
                0x00000000200022a0      0x600 load address 0x0000000008009808
                0x00000000200022a0                . = ALIGN (0x8)
                [!provide]                        PROVIDE (end = .)
                0x00000000200022a0                PROVIDE (_end = .)
                0x00000000200024a0                . = (. + _Min_Heap_Size)
 *fill*         0x00000000200022a0      0x200 
                0x00000000200028a0                . = (. + _Min_Stack_Size)
 *fill*         0x00000000200024a0      0x400 
                0x00000000200028a0                . = ALIGN (0x8)

/DISCARD/
 libc.a(*)
 libm.a(*)
 libgcc.a(*)

.ARM.attributes
                0x0000000000000000       0x29
 *(.ARM.attributes)
 .ARM.attributes
                0x0000000000000000       0x1d c:/st/stm32cubeide_1.6.1/stm32cubeide/plugins/com.st.stm32cube.ide.mcu.externaltools.gnu-tools-for-stm32.9-2020-q2-update.win32_1.5.0.202011040924/tools/bin/../lib/gcc/arm-none-eabi/9.3.1/thumb/v7-m/nofp/crti.o
 .ARM.attributes
                0x000000000000001d       0x2d c:/st/stm32cubeide_1.6.1/stm32cubeide/plugins/com.st.stm32cube.ide.mcu.externaltools.gnu-tools-for-stm32.9-2020-q2-update.win32_1.5.0.202011040924/tools/bin/../lib/gcc/arm-none-eabi/9.3.1/thumb/v7-m/nofp/crtbegin.o
 .ARM.attributes
                0x000000000000004a       0x2d Core/Src/main.o
 .ARM.attributes
                0x0000000000000077       0x2d Core/Src/stm32f1xx_hal_msp.o
 .ARM.attributes
                0x00000000000000a4       0x2d Core/Src/stm32f1xx_it.o
 .ARM.attributes
                0x00000000000000d1       0x2d Core/Src/switchMatrix.o
 .ARM.attributes
                0x00000000000000fe       0x2d Core/Src/system_stm32f1xx.o
 .ARM.attributes
                0x000000000000012b       0x21 Core/Startup/startup_stm32f103c8tx.o
 .ARM.attributes
                0x000000000000014c       0x2d Drivers/STM32F1xx_HAL_Driver/Src/stm32f1xx_hal.o
 .ARM.attributes
                0x0000000000000179       0x2d Drivers/STM32F1xx_HAL_Driver/Src/stm32f1xx_hal_cortex.o
 .ARM.attributes
                0x00000000000001a6       0x2d Drivers/STM32F1xx_HAL_Driver/Src/stm32f1xx_hal_gpio.o
 .ARM.attributes
                0x00000000000001d3       0x2d Drivers/STM32F1xx_HAL_Driver/Src/stm32f1xx_hal_pcd.o
 .ARM.attributes
                0x0000000000000200       0x2d Drivers/STM32F1xx_HAL_Driver/Src/stm32f1xx_hal_pcd_ex.o
 .ARM.attributes
                0x000000000000022d       0x2d Drivers/STM32F1xx_HAL_Driver/Src/stm32f1xx_hal_rcc.o
 .ARM.attributes
                0x000000000000025a       0x2d Drivers/STM32F1xx_HAL_Driver/Src/stm32f1xx_hal_rcc_ex.o
 .ARM.attributes
                0x0000000000000287       0x2d Drivers/STM32F1xx_HAL_Driver/Src/stm32f1xx_ll_usb.o
 .ARM.attributes
                0x00000000000002b4       0x2d Middlewares/ST/STM32_USB_Device_Library/Class/HID/Src/usbd_hid.o
 .ARM.attributes
                0x00000000000002e1       0x2d Middlewares/ST/STM32_USB_Device_Library/Core/Src/usbd_core.o
 .ARM.attributes
                0x000000000000030e       0x2d Middlewares/ST/STM32_USB_Device_Library/Core/Src/usbd_ctlreq.o
 .ARM.attributes
                0x000000000000033b       0x2d Middlewares/ST/STM32_USB_Device_Library/Core/Src/usbd_ioreq.o
 .ARM.attributes
                0x0000000000000368       0x2d Middlewares/Third_Party/FreeRTOS/Source/CMSIS_RTOS_V2/cmsis_os2.o
 .ARM.attributes
                0x0000000000000395       0x2d Middlewares/Third_Party/FreeRTOS/Source/list.o
 .ARM.attributes
                0x00000000000003c2       0x2d Middlewares/Third_Party/FreeRTOS/Source/queue.o
 .ARM.attributes
                0x00000000000003ef       0x2d Middlewares/Third_Party/FreeRTOS/Source/tasks.o
 .ARM.attributes
                0x000000000000041c       0x2d Middlewares/Third_Party/FreeRTOS/Source/timers.o
 .ARM.attributes
                0x0000000000000449       0x2d Middlewares/Third_Party/FreeRTOS/Source/portable/GCC/ARM_CM3/port.o
 .ARM.attributes
                0x0000000000000476       0x2d Middlewares/Third_Party/FreeRTOS/Source/portable/MemMang/heap_4.o
 .ARM.attributes
                0x00000000000004a3       0x2d USB_DEVICE/App/usb_device.o
 .ARM.attributes
                0x00000000000004d0       0x2d USB_DEVICE/App/usbd_desc.o
 .ARM.attributes
                0x00000000000004fd       0x2d USB_DEVICE/Target/usbd_conf.o
 .ARM.attributes
                0x000000000000052a       0x2d c:/st/stm32cubeide_1.6.1/stm32cubeide/plugins/com.st.stm32cube.ide.mcu.externaltools.gnu-tools-for-stm32.9-2020-q2-update.win32_1.5.0.202011040924/tools/bin/../lib/gcc/arm-none-eabi/9.3.1/../../../../arm-none-eabi/lib/thumb/v7-m/nofp\libc_nano.a(lib_a-init.o)
 .ARM.attributes
                0x0000000000000557       0x2d c:/st/stm32cubeide_1.6.1/stm32cubeide/plugins/com.st.stm32cube.ide.mcu.externaltools.gnu-tools-for-stm32.9-2020-q2-update.win32_1.5.0.202011040924/tools/bin/../lib/gcc/arm-none-eabi/9.3.1/../../../../arm-none-eabi/lib/thumb/v7-m/nofp\libc_nano.a(lib_a-memcpy-stub.o)
 .ARM.attributes
                0x0000000000000584       0x2d c:/st/stm32cubeide_1.6.1/stm32cubeide/plugins/com.st.stm32cube.ide.mcu.externaltools.gnu-tools-for-stm32.9-2020-q2-update.win32_1.5.0.202011040924/tools/bin/../lib/gcc/arm-none-eabi/9.3.1/../../../../arm-none-eabi/lib/thumb/v7-m/nofp\libc_nano.a(lib_a-memset.o)
 .ARM.attributes
                0x00000000000005b1       0x1d c:/st/stm32cubeide_1.6.1/stm32cubeide/plugins/com.st.stm32cube.ide.mcu.externaltools.gnu-tools-for-stm32.9-2020-q2-update.win32_1.5.0.202011040924/tools/bin/../lib/gcc/arm-none-eabi/9.3.1/thumb/v7-m/nofp/crtn.o
OUTPUT(plagueV1_keyboard.elf elf32-littlearm)
LOAD linker stubs
LOAD c:/st/stm32cubeide_1.6.1/stm32cubeide/plugins/com.st.stm32cube.ide.mcu.externaltools.gnu-tools-for-stm32.9-2020-q2-update.win32_1.5.0.202011040924/tools/bin/../lib/gcc/arm-none-eabi/9.3.1/../../../../arm-none-eabi/lib/thumb/v7-m/nofp\libc.a
LOAD c:/st/stm32cubeide_1.6.1/stm32cubeide/plugins/com.st.stm32cube.ide.mcu.externaltools.gnu-tools-for-stm32.9-2020-q2-update.win32_1.5.0.202011040924/tools/bin/../lib/gcc/arm-none-eabi/9.3.1/../../../../arm-none-eabi/lib/thumb/v7-m/nofp\libm.a
LOAD c:/st/stm32cubeide_1.6.1/stm32cubeide/plugins/com.st.stm32cube.ide.mcu.externaltools.gnu-tools-for-stm32.9-2020-q2-update.win32_1.5.0.202011040924/tools/bin/../lib/gcc/arm-none-eabi/9.3.1/thumb/v7-m/nofp\libgcc.a

.debug_info     0x0000000000000000    0x1c7d1
 .debug_info    0x0000000000000000     0x1682 Core/Src/main.o
 .debug_info    0x0000000000001682      0x443 Core/Src/stm32f1xx_hal_msp.o
 .debug_info    0x0000000000001ac5      0x700 Core/Src/stm32f1xx_it.o
 .debug_info    0x00000000000021c5      0x2b3 Core/Src/switchMatrix.o
 .debug_info    0x0000000000002478      0x2be Core/Src/system_stm32f1xx.o
 .debug_info    0x0000000000002736       0x22 Core/Startup/startup_stm32f103c8tx.o
 .debug_info    0x0000000000002758      0x76a Drivers/STM32F1xx_HAL_Driver/Src/stm32f1xx_hal.o
 .debug_info    0x0000000000002ec2      0xbdc Drivers/STM32F1xx_HAL_Driver/Src/stm32f1xx_hal_cortex.o
 .debug_info    0x0000000000003a9e      0x701 Drivers/STM32F1xx_HAL_Driver/Src/stm32f1xx_hal_gpio.o
 .debug_info    0x000000000000419f     0x1332 Drivers/STM32F1xx_HAL_Driver/Src/stm32f1xx_hal_pcd.o
 .debug_info    0x00000000000054d1      0x7fa Drivers/STM32F1xx_HAL_Driver/Src/stm32f1xx_hal_pcd_ex.o
 .debug_info    0x0000000000005ccb      0x88e Drivers/STM32F1xx_HAL_Driver/Src/stm32f1xx_hal_rcc.o
 .debug_info    0x0000000000006559      0x480 Drivers/STM32F1xx_HAL_Driver/Src/stm32f1xx_hal_rcc_ex.o
 .debug_info    0x00000000000069d9     0x1911 Drivers/STM32F1xx_HAL_Driver/Src/stm32f1xx_ll_usb.o
 .debug_info    0x00000000000082ea     0x1273 Middlewares/ST/STM32_USB_Device_Library/Class/HID/Src/usbd_hid.o
 .debug_info    0x000000000000955d     0x12ef Middlewares/ST/STM32_USB_Device_Library/Core/Src/usbd_core.o
 .debug_info    0x000000000000a84c     0x125c Middlewares/ST/STM32_USB_Device_Library/Core/Src/usbd_ctlreq.o
 .debug_info    0x000000000000baa8     0x102e Middlewares/ST/STM32_USB_Device_Library/Core/Src/usbd_ioreq.o
 .debug_info    0x000000000000cad6     0x3cd3 Middlewares/Third_Party/FreeRTOS/Source/CMSIS_RTOS_V2/cmsis_os2.o
 .debug_info    0x00000000000107a9      0xb7c Middlewares/Third_Party/FreeRTOS/Source/list.o
 .debug_info    0x0000000000011325     0x22de Middlewares/Third_Party/FreeRTOS/Source/queue.o
 .debug_info    0x0000000000013603     0x29ae Middlewares/Third_Party/FreeRTOS/Source/tasks.o
 .debug_info    0x0000000000015fb1     0x1afb Middlewares/Third_Party/FreeRTOS/Source/timers.o
 .debug_info    0x0000000000017aac      0x4a1 Middlewares/Third_Party/FreeRTOS/Source/portable/GCC/ARM_CM3/port.o
 .debug_info    0x0000000000017f4d      0xc77 Middlewares/Third_Party/FreeRTOS/Source/portable/MemMang/heap_4.o
 .debug_info    0x0000000000018bc4      0xeaf USB_DEVICE/App/usb_device.o
 .debug_info    0x0000000000019a73      0xde8 USB_DEVICE/App/usbd_desc.o
 .debug_info    0x000000000001a85b     0x1f76 USB_DEVICE/Target/usbd_conf.o

.debug_abbrev   0x0000000000000000     0x40c5
 .debug_abbrev  0x0000000000000000      0x2fe Core/Src/main.o
 .debug_abbrev  0x00000000000002fe      0x126 Core/Src/stm32f1xx_hal_msp.o
 .debug_abbrev  0x0000000000000424      0x173 Core/Src/stm32f1xx_it.o
 .debug_abbrev  0x0000000000000597      0x15a Core/Src/switchMatrix.o
 .debug_abbrev  0x00000000000006f1      0x14e Core/Src/system_stm32f1xx.o
 .debug_abbrev  0x000000000000083f       0x12 Core/Startup/startup_stm32f103c8tx.o
 .debug_abbrev  0x0000000000000851      0x1ed Drivers/STM32F1xx_HAL_Driver/Src/stm32f1xx_hal.o
 .debug_abbrev  0x0000000000000a3e      0x313 Drivers/STM32F1xx_HAL_Driver/Src/stm32f1xx_hal_cortex.o
 .debug_abbrev  0x0000000000000d51      0x1e8 Drivers/STM32F1xx_HAL_Driver/Src/stm32f1xx_hal_gpio.o
 .debug_abbrev  0x0000000000000f39      0x29e Drivers/STM32F1xx_HAL_Driver/Src/stm32f1xx_hal_pcd.o
 .debug_abbrev  0x00000000000011d7      0x1ac Drivers/STM32F1xx_HAL_Driver/Src/stm32f1xx_hal_pcd_ex.o
 .debug_abbrev  0x0000000000001383      0x273 Drivers/STM32F1xx_HAL_Driver/Src/stm32f1xx_hal_rcc.o
 .debug_abbrev  0x00000000000015f6      0x193 Drivers/STM32F1xx_HAL_Driver/Src/stm32f1xx_hal_rcc_ex.o
 .debug_abbrev  0x0000000000001789      0x1fa Drivers/STM32F1xx_HAL_Driver/Src/stm32f1xx_ll_usb.o
 .debug_abbrev  0x0000000000001983      0x2b7 Middlewares/ST/STM32_USB_Device_Library/Class/HID/Src/usbd_hid.o
 .debug_abbrev  0x0000000000001c3a      0x2a8 Middlewares/ST/STM32_USB_Device_Library/Core/Src/usbd_core.o
 .debug_abbrev  0x0000000000001ee2      0x2de Middlewares/ST/STM32_USB_Device_Library/Core/Src/usbd_ctlreq.o
 .debug_abbrev  0x00000000000021c0      0x20a Middlewares/ST/STM32_USB_Device_Library/Core/Src/usbd_ioreq.o
 .debug_abbrev  0x00000000000023ca      0x3ed Middlewares/Third_Party/FreeRTOS/Source/CMSIS_RTOS_V2/cmsis_os2.o
 .debug_abbrev  0x00000000000027b7      0x1f7 Middlewares/Third_Party/FreeRTOS/Source/list.o
 .debug_abbrev  0x00000000000029ae      0x3a2 Middlewares/Third_Party/FreeRTOS/Source/queue.o
 .debug_abbrev  0x0000000000002d50      0x39a Middlewares/Third_Party/FreeRTOS/Source/tasks.o
 .debug_abbrev  0x00000000000030ea      0x317 Middlewares/Third_Party/FreeRTOS/Source/timers.o
 .debug_abbrev  0x0000000000003401      0x22f Middlewares/Third_Party/FreeRTOS/Source/portable/GCC/ARM_CM3/port.o
 .debug_abbrev  0x0000000000003630      0x2d3 Middlewares/Third_Party/FreeRTOS/Source/portable/MemMang/heap_4.o
 .debug_abbrev  0x0000000000003903      0x1db USB_DEVICE/App/usb_device.o
 .debug_abbrev  0x0000000000003ade      0x2ca USB_DEVICE/App/usbd_desc.o
 .debug_abbrev  0x0000000000003da8      0x31d USB_DEVICE/Target/usbd_conf.o

.debug_aranges  0x0000000000000000     0x1190
 .debug_aranges
                0x0000000000000000       0x50 Core/Src/main.o
 .debug_aranges
                0x0000000000000050       0x20 Core/Src/stm32f1xx_hal_msp.o
 .debug_aranges
                0x0000000000000070       0x58 Core/Src/stm32f1xx_it.o
 .debug_aranges
                0x00000000000000c8       0x30 Core/Src/switchMatrix.o
 .debug_aranges
                0x00000000000000f8       0x28 Core/Src/system_stm32f1xx.o
 .debug_aranges
                0x0000000000000120       0x28 Core/Startup/startup_stm32f103c8tx.o
 .debug_aranges
                0x0000000000000148       0xe0 Drivers/STM32F1xx_HAL_Driver/Src/stm32f1xx_hal.o
 .debug_aranges
                0x0000000000000228      0x100 Drivers/STM32F1xx_HAL_Driver/Src/stm32f1xx_hal_cortex.o
 .debug_aranges
                0x0000000000000328       0x58 Drivers/STM32F1xx_HAL_Driver/Src/stm32f1xx_hal_gpio.o
 .debug_aranges
                0x0000000000000380      0x138 Drivers/STM32F1xx_HAL_Driver/Src/stm32f1xx_hal_pcd.o
 .debug_aranges
                0x00000000000004b8       0x38 Drivers/STM32F1xx_HAL_Driver/Src/stm32f1xx_hal_pcd_ex.o
 .debug_aranges
                0x00000000000004f0       0x90 Drivers/STM32F1xx_HAL_Driver/Src/stm32f1xx_hal_rcc.o
 .debug_aranges
                0x0000000000000580       0x30 Drivers/STM32F1xx_HAL_Driver/Src/stm32f1xx_hal_rcc_ex.o
 .debug_aranges
                0x00000000000005b0       0xf0 Drivers/STM32F1xx_HAL_Driver/Src/stm32f1xx_ll_usb.o
 .debug_aranges
                0x00000000000006a0       0x68 Middlewares/ST/STM32_USB_Device_Library/Class/HID/Src/usbd_hid.o
 .debug_aranges
                0x0000000000000708       0xb8 Middlewares/ST/STM32_USB_Device_Library/Core/Src/usbd_core.o
 .debug_aranges
                0x00000000000007c0       0x88 Middlewares/ST/STM32_USB_Device_Library/Core/Src/usbd_ctlreq.o
 .debug_aranges
                0x0000000000000848       0x50 Middlewares/ST/STM32_USB_Device_Library/Core/Src/usbd_ioreq.o
 .debug_aranges
                0x0000000000000898      0x228 Middlewares/Third_Party/FreeRTOS/Source/CMSIS_RTOS_V2/cmsis_os2.o
 .debug_aranges
                0x0000000000000ac0       0x40 Middlewares/Third_Party/FreeRTOS/Source/list.o
 .debug_aranges
                0x0000000000000b00      0x158 Middlewares/Third_Party/FreeRTOS/Source/queue.o
 .debug_aranges
                0x0000000000000c58      0x1f8 Middlewares/Third_Party/FreeRTOS/Source/tasks.o
 .debug_aranges
                0x0000000000000e50       0xe0 Middlewares/Third_Party/FreeRTOS/Source/timers.o
 .debug_aranges
                0x0000000000000f30       0x78 Middlewares/Third_Party/FreeRTOS/Source/portable/GCC/ARM_CM3/port.o
 .debug_aranges
                0x0000000000000fa8       0x50 Middlewares/Third_Party/FreeRTOS/Source/portable/MemMang/heap_4.o
 .debug_aranges
                0x0000000000000ff8       0x20 USB_DEVICE/App/usb_device.o
 .debug_aranges
                0x0000000000001018       0x60 USB_DEVICE/App/usbd_desc.o
 .debug_aranges
                0x0000000000001078      0x118 USB_DEVICE/Target/usbd_conf.o

.debug_ranges   0x0000000000000000      0xfd8
 .debug_ranges  0x0000000000000000       0x40 Core/Src/main.o
 .debug_ranges  0x0000000000000040       0x10 Core/Src/stm32f1xx_hal_msp.o
 .debug_ranges  0x0000000000000050       0x48 Core/Src/stm32f1xx_it.o
 .debug_ranges  0x0000000000000098       0x20 Core/Src/switchMatrix.o
 .debug_ranges  0x00000000000000b8       0x18 Core/Src/system_stm32f1xx.o
 .debug_ranges  0x00000000000000d0       0x20 Core/Startup/startup_stm32f103c8tx.o
 .debug_ranges  0x00000000000000f0       0xd0 Drivers/STM32F1xx_HAL_Driver/Src/stm32f1xx_hal.o
 .debug_ranges  0x00000000000001c0       0xf0 Drivers/STM32F1xx_HAL_Driver/Src/stm32f1xx_hal_cortex.o
 .debug_ranges  0x00000000000002b0       0x48 Drivers/STM32F1xx_HAL_Driver/Src/stm32f1xx_hal_gpio.o
 .debug_ranges  0x00000000000002f8      0x128 Drivers/STM32F1xx_HAL_Driver/Src/stm32f1xx_hal_pcd.o
 .debug_ranges  0x0000000000000420       0x28 Drivers/STM32F1xx_HAL_Driver/Src/stm32f1xx_hal_pcd_ex.o
 .debug_ranges  0x0000000000000448       0x80 Drivers/STM32F1xx_HAL_Driver/Src/stm32f1xx_hal_rcc.o
 .debug_ranges  0x00000000000004c8       0x20 Drivers/STM32F1xx_HAL_Driver/Src/stm32f1xx_hal_rcc_ex.o
 .debug_ranges  0x00000000000004e8       0xe0 Drivers/STM32F1xx_HAL_Driver/Src/stm32f1xx_ll_usb.o
 .debug_ranges  0x00000000000005c8       0x58 Middlewares/ST/STM32_USB_Device_Library/Class/HID/Src/usbd_hid.o
 .debug_ranges  0x0000000000000620       0xa8 Middlewares/ST/STM32_USB_Device_Library/Core/Src/usbd_core.o
 .debug_ranges  0x00000000000006c8       0x78 Middlewares/ST/STM32_USB_Device_Library/Core/Src/usbd_ctlreq.o
 .debug_ranges  0x0000000000000740       0x40 Middlewares/ST/STM32_USB_Device_Library/Core/Src/usbd_ioreq.o
 .debug_ranges  0x0000000000000780      0x218 Middlewares/Third_Party/FreeRTOS/Source/CMSIS_RTOS_V2/cmsis_os2.o
 .debug_ranges  0x0000000000000998       0x30 Middlewares/Third_Party/FreeRTOS/Source/list.o
 .debug_ranges  0x00000000000009c8      0x148 Middlewares/Third_Party/FreeRTOS/Source/queue.o
 .debug_ranges  0x0000000000000b10      0x1e8 Middlewares/Third_Party/FreeRTOS/Source/tasks.o
 .debug_ranges  0x0000000000000cf8       0xd0 Middlewares/Third_Party/FreeRTOS/Source/timers.o
 .debug_ranges  0x0000000000000dc8       0x68 Middlewares/Third_Party/FreeRTOS/Source/portable/GCC/ARM_CM3/port.o
 .debug_ranges  0x0000000000000e30       0x40 Middlewares/Third_Party/FreeRTOS/Source/portable/MemMang/heap_4.o
 .debug_ranges  0x0000000000000e70       0x10 USB_DEVICE/App/usb_device.o
 .debug_ranges  0x0000000000000e80       0x50 USB_DEVICE/App/usbd_desc.o
 .debug_ranges  0x0000000000000ed0      0x108 USB_DEVICE/Target/usbd_conf.o

.debug_macro    0x0000000000000000     0x5de7
 .debug_macro   0x0000000000000000      0x48c Core/Src/main.o
 .debug_macro   0x000000000000048c       0x5b Core/Src/main.o
 .debug_macro   0x00000000000004e7       0x74 Core/Src/main.o
 .debug_macro   0x000000000000055b      0x11c Core/Src/main.o
 .debug_macro   0x0000000000000677       0xdd Core/Src/main.o
 .debug_macro   0x0000000000000754       0x52 Core/Src/main.o
 .debug_macro   0x00000000000007a6       0x18 Core/Src/main.o
 .debug_macro   0x00000000000007be       0x3c Core/Src/main.o
 .debug_macro   0x00000000000007fa       0x34 Core/Src/main.o
 .debug_macro   0x000000000000082e       0x16 Core/Src/main.o
 .debug_macro   0x0000000000000844       0x35 Core/Src/main.o
 .debug_macro   0x0000000000000879      0x333 Core/Src/main.o
 .debug_macro   0x0000000000000bac       0x10 Core/Src/main.o
 .debug_macro   0x0000000000000bbc       0x16 Core/Src/main.o
 .debug_macro   0x0000000000000bd2       0x43 Core/Src/main.o
 .debug_macro   0x0000000000000c15       0x34 Core/Src/main.o
 .debug_macro   0x0000000000000c49       0x10 Core/Src/main.o
 .debug_macro   0x0000000000000c59       0x58 Core/Src/main.o
 .debug_macro   0x0000000000000cb1       0x71 Core/Src/main.o
 .debug_macro   0x0000000000000d22       0x1c Core/Src/main.o
 .debug_macro   0x0000000000000d3e      0x12a Core/Src/main.o
 .debug_macro   0x0000000000000e68       0x10 Core/Src/main.o
 .debug_macro   0x0000000000000e78       0x1c Core/Src/main.o
 .debug_macro   0x0000000000000e94       0x52 Core/Src/main.o
 .debug_macro   0x0000000000000ee6       0x22 Core/Src/main.o
 .debug_macro   0x0000000000000f08       0x10 Core/Src/main.o
 .debug_macro   0x0000000000000f18       0x40 Core/Src/main.o
 .debug_macro   0x0000000000000f58       0xd5 Core/Src/main.o
 .debug_macro   0x000000000000102d       0x1c Core/Src/main.o
 .debug_macro   0x0000000000001049       0x3d Core/Src/main.o
 .debug_macro   0x0000000000001086       0x16 Core/Src/main.o
 .debug_macro   0x000000000000109c      0x145 Core/Src/main.o
 .debug_macro   0x00000000000011e1       0x16 Core/Src/main.o
 .debug_macro   0x00000000000011f7       0x16 Core/Src/main.o
 .debug_macro   0x000000000000120d       0x29 Core/Src/main.o
 .debug_macro   0x0000000000001236       0x16 Core/Src/main.o
 .debug_macro   0x000000000000124c       0x20 Core/Src/main.o
 .debug_macro   0x000000000000126c       0x60 Core/Src/main.o
 .debug_macro   0x00000000000012cc      0x1c8 Core/Src/main.o
 .debug_macro   0x0000000000001494      0x491 Core/Src/main.o
 .debug_macro   0x0000000000001925       0x16 Core/Src/main.o
 .debug_macro   0x000000000000193b      0x1b2 Core/Src/stm32f1xx_hal_msp.o
 .debug_macro   0x0000000000001aed      0x224 Core/Src/stm32f1xx_it.o
 .debug_macro   0x0000000000001d11      0x1b2 Core/Src/switchMatrix.o
 .debug_macro   0x0000000000001ec3      0x1a8 Core/Src/system_stm32f1xx.o
 .debug_macro   0x000000000000206b      0x1cc Drivers/STM32F1xx_HAL_Driver/Src/stm32f1xx_hal.o
 .debug_macro   0x0000000000002237      0x1a8 Drivers/STM32F1xx_HAL_Driver/Src/stm32f1xx_hal_cortex.o
 .debug_macro   0x00000000000023df      0x213 Drivers/STM32F1xx_HAL_Driver/Src/stm32f1xx_hal_gpio.o
 .debug_macro   0x00000000000025f2      0x1b4 Drivers/STM32F1xx_HAL_Driver/Src/stm32f1xx_hal_pcd.o
 .debug_macro   0x00000000000027a6      0x1a8 Drivers/STM32F1xx_HAL_Driver/Src/stm32f1xx_hal_pcd_ex.o
 .debug_macro   0x000000000000294e      0x1ba Drivers/STM32F1xx_HAL_Driver/Src/stm32f1xx_hal_rcc.o
 .debug_macro   0x0000000000002b08      0x1a8 Drivers/STM32F1xx_HAL_Driver/Src/stm32f1xx_hal_rcc_ex.o
 .debug_macro   0x0000000000002cb0      0x1a8 Drivers/STM32F1xx_HAL_Driver/Src/stm32f1xx_ll_usb.o
 .debug_macro   0x0000000000002e58      0x3c8 Middlewares/ST/STM32_USB_Device_Library/Class/HID/Src/usbd_hid.o
 .debug_macro   0x0000000000003220       0x97 Middlewares/ST/STM32_USB_Device_Library/Class/HID/Src/usbd_hid.o
 .debug_macro   0x00000000000032b7       0xfd Middlewares/ST/STM32_USB_Device_Library/Class/HID/Src/usbd_hid.o
 .debug_macro   0x00000000000033b4       0xbd Middlewares/ST/STM32_USB_Device_Library/Class/HID/Src/usbd_hid.o
 .debug_macro   0x0000000000003471       0x56 Middlewares/ST/STM32_USB_Device_Library/Class/HID/Src/usbd_hid.o
 .debug_macro   0x00000000000034c7       0x64 Middlewares/ST/STM32_USB_Device_Library/Class/HID/Src/usbd_hid.o
 .debug_macro   0x000000000000352b      0x3af Middlewares/ST/STM32_USB_Device_Library/Core/Src/usbd_core.o
 .debug_macro   0x00000000000038da      0x1ce Middlewares/ST/STM32_USB_Device_Library/Core/Src/usbd_core.o
 .debug_macro   0x0000000000003aa8      0x3b9 Middlewares/ST/STM32_USB_Device_Library/Core/Src/usbd_ctlreq.o
 .debug_macro   0x0000000000003e61      0x3b5 Middlewares/ST/STM32_USB_Device_Library/Core/Src/usbd_ioreq.o
 .debug_macro   0x0000000000004216      0x247 Middlewares/Third_Party/FreeRTOS/Source/CMSIS_RTOS_V2/cmsis_os2.o
 .debug_macro   0x000000000000445d       0x10 Middlewares/Third_Party/FreeRTOS/Source/CMSIS_RTOS_V2/cmsis_os2.o
 .debug_macro   0x000000000000446d       0x10 Middlewares/Third_Party/FreeRTOS/Source/CMSIS_RTOS_V2/cmsis_os2.o
 .debug_macro   0x000000000000447d       0xb7 Middlewares/Third_Party/FreeRTOS/Source/CMSIS_RTOS_V2/cmsis_os2.o
 .debug_macro   0x0000000000004534       0x91 Middlewares/Third_Party/FreeRTOS/Source/CMSIS_RTOS_V2/cmsis_os2.o
 .debug_macro   0x00000000000045c5       0x8d Middlewares/Third_Party/FreeRTOS/Source/CMSIS_RTOS_V2/cmsis_os2.o
 .debug_macro   0x0000000000004652       0x9a Middlewares/Third_Party/FreeRTOS/Source/CMSIS_RTOS_V2/cmsis_os2.o
 .debug_macro   0x00000000000046ec      0x187 Middlewares/Third_Party/FreeRTOS/Source/list.o
 .debug_macro   0x0000000000004873      0x212 Middlewares/Third_Party/FreeRTOS/Source/queue.o
 .debug_macro   0x0000000000004a85      0x287 Middlewares/Third_Party/FreeRTOS/Source/tasks.o
 .debug_macro   0x0000000000004d0c       0x10 Middlewares/Third_Party/FreeRTOS/Source/tasks.o
 .debug_macro   0x0000000000004d1c      0x1ca Middlewares/Third_Party/FreeRTOS/Source/timers.o
 .debug_macro   0x0000000000004ee6      0x172 Middlewares/Third_Party/FreeRTOS/Source/portable/GCC/ARM_CM3/port.o
 .debug_macro   0x0000000000005058      0x1ae Middlewares/Third_Party/FreeRTOS/Source/portable/MemMang/heap_4.o
 .debug_macro   0x0000000000005206      0x3e5 USB_DEVICE/App/usb_device.o
 .debug_macro   0x00000000000055eb       0x22 USB_DEVICE/App/usb_device.o
 .debug_macro   0x000000000000560d      0x3ec USB_DEVICE/App/usbd_desc.o
 .debug_macro   0x00000000000059f9       0x1c USB_DEVICE/App/usbd_desc.o
 .debug_macro   0x0000000000005a15      0x3d2 USB_DEVICE/Target/usbd_conf.o

.debug_line     0x0000000000000000    0x1578a
 .debug_line    0x0000000000000000      0xc3d Core/Src/main.o
 .debug_line    0x0000000000000c3d      0x67d Core/Src/stm32f1xx_hal_msp.o
 .debug_line    0x00000000000012ba      0x83a Core/Src/stm32f1xx_it.o
 .debug_line    0x0000000000001af4      0x72f Core/Src/switchMatrix.o
 .debug_line    0x0000000000002223      0x6f9 Core/Src/system_stm32f1xx.o
 .debug_line    0x000000000000291c       0x84 Core/Startup/startup_stm32f103c8tx.o
 .debug_line    0x00000000000029a0      0x926 Drivers/STM32F1xx_HAL_Driver/Src/stm32f1xx_hal.o
 .debug_line    0x00000000000032c6      0xb0e Drivers/STM32F1xx_HAL_Driver/Src/stm32f1xx_hal_cortex.o
 .debug_line    0x0000000000003dd4      0x9bd Drivers/STM32F1xx_HAL_Driver/Src/stm32f1xx_hal_gpio.o
 .debug_line    0x0000000000004791     0x12a5 Drivers/STM32F1xx_HAL_Driver/Src/stm32f1xx_hal_pcd.o
 .debug_line    0x0000000000005a36      0x6f4 Drivers/STM32F1xx_HAL_Driver/Src/stm32f1xx_hal_pcd_ex.o
 .debug_line    0x000000000000612a      0xd34 Drivers/STM32F1xx_HAL_Driver/Src/stm32f1xx_hal_rcc.o
 .debug_line    0x0000000000006e5e      0x872 Drivers/STM32F1xx_HAL_Driver/Src/stm32f1xx_hal_rcc_ex.o
 .debug_line    0x00000000000076d0      0xf7b Drivers/STM32F1xx_HAL_Driver/Src/stm32f1xx_ll_usb.o
 .debug_line    0x000000000000864b      0xbc1 Middlewares/ST/STM32_USB_Device_Library/Class/HID/Src/usbd_hid.o
 .debug_line    0x000000000000920c      0xd88 Middlewares/ST/STM32_USB_Device_Library/Core/Src/usbd_core.o
 .debug_line    0x0000000000009f94      0xfa7 Middlewares/ST/STM32_USB_Device_Library/Core/Src/usbd_ctlreq.o
 .debug_line    0x000000000000af3b      0xa1e Middlewares/ST/STM32_USB_Device_Library/Core/Src/usbd_ioreq.o
 .debug_line    0x000000000000b959     0x2458 Middlewares/Third_Party/FreeRTOS/Source/CMSIS_RTOS_V2/cmsis_os2.o
 .debug_line    0x000000000000ddb1      0x70a Middlewares/Third_Party/FreeRTOS/Source/list.o
 .debug_line    0x000000000000e4bb     0x16cd Middlewares/Third_Party/FreeRTOS/Source/queue.o
 .debug_line    0x000000000000fb88     0x1d25 Middlewares/Third_Party/FreeRTOS/Source/tasks.o
 .debug_line    0x00000000000118ad      0xc9a Middlewares/Third_Party/FreeRTOS/Source/timers.o
 .debug_line    0x0000000000012547      0x755 Middlewares/Third_Party/FreeRTOS/Source/portable/GCC/ARM_CM3/port.o
 .debug_line    0x0000000000012c9c      0x8cc Middlewares/Third_Party/FreeRTOS/Source/portable/MemMang/heap_4.o
 .debug_line    0x0000000000013568      0x9c4 USB_DEVICE/App/usb_device.o
 .debug_line    0x0000000000013f2c      0xaa7 USB_DEVICE/App/usbd_desc.o
 .debug_line    0x00000000000149d3      0xdb7 USB_DEVICE/Target/usbd_conf.o

.debug_str      0x0000000000000000    0x8f17a
 .debug_str     0x0000000000000000    0x86853 Core/Src/main.o
                                      0x86cf5 (size before relaxing)
 .debug_str     0x0000000000086853      0x2be Core/Src/stm32f1xx_hal_msp.o
                                      0x7d3c9 (size before relaxing)
 .debug_str     0x0000000000086b11     0x10fc Core/Src/stm32f1xx_it.o
                                      0x80d5c (size before relaxing)
 .debug_str     0x0000000000087c0d       0x52 Core/Src/switchMatrix.o
                                      0x7d0e2 (size before relaxing)
 .debug_str     0x0000000000087c5f       0x52 Core/Src/system_stm32f1xx.o